<html>
<body>
<pre>
<h1>µVision Build Log</h1>
<h2>Project:</h2>
D:\Database\ARM\cortex-m4\GDSTM32F407\exemplify\GDUI\proj\test.uvproj
Project File Date:  06/01/2013

<h2>Output:</h2>
Build target 'Target 1'
linking...
Program Size: Code=56924 RO-data=27312 RW-data=356 ZI-data=124532  
".\output\test.axf" - 0 Error(s), 0 Warning(s).
Build target 'Target 1'
assembling startup_stm32f4xx.s...
compiling main.c...
compiling stm32f4xx_it.c...
compiling system_stm32f4xx.c...
compiling spi.c...
compiling led.c...
compiling key.c...
compiling delay.c...
compiling timer.c...
compiling usart.c...
compiling lcd.c...
..\board\src\lcd.c(111): warning:  #550-D: variable "dummy" was set but never used
compiling touch.c...
compiling sdio_sd.c...
compiling at45db.c...
compiling rtc.c...
compiling mma7455.c...
compiling CS4334.c...
compiling mempool.c...
compiling ov7670.c...
compiling misc.c...
compiling stm32f4xx_rcc.c...
compiling stm32f4xx_gpio.c...
compiling stm32f4xx_tim.c...
compiling stm32f4xx_exti.c...
compiling stm32f4xx_syscfg.c...
compiling stm32f4xx_usart.c...
compiling stm32f4xx_fsmc.c...
compiling stm32f4xx_spi.c...
compiling stm32f4xx_sdio.c...
compiling stm32f4xx_dma.c...
compiling stm32f4xx_pwr.c...
compiling stm32f4xx_rtc.c...
compiling stm32f4xx_dcmi.c...
compiling fsearch.c...
compiling diskio.c...
compiling ff.c...
compiling GDGUI.c...
compiling GUI_GIF.c...
compiling music.c...
compiling ebook.c...
compiling album.c...
compiling camera.c...
compiling fmanager.c...
compiling game2.c...
compiling game1.c...
linking...
Program Size: Code=56924 RO-data=27312 RW-data=356 ZI-data=124532  
".\output\test.axf" - 0 Error(s), 1 Warning(s).
Load "D:\\Database\\ARM\\cortex-m4\\GDSTM32F407\\exemplify\\GDUI\\proj\\output\\test.AXF" 
