ARM Linker, 4.1 [Build 791] [Standard]

==============================================================================

Section Cross References

    startup_stm32f4xx.o(RESET) refers to startup_stm32f4xx.o(STACK) for __initial_sp
    startup_stm32f4xx.o(RESET) refers to startup_stm32f4xx.o(.text) for Reset_Handler
    startup_stm32f4xx.o(RESET) refers to stm32f4xx_it.o(i.NMI_Handler) for NMI_Handler
    startup_stm32f4xx.o(RESET) refers to stm32f4xx_it.o(i.HardFault_Handler) for HardFault_Handler
    startup_stm32f4xx.o(RESET) refers to stm32f4xx_it.o(i.MemManage_Handler) for MemManage_Handler
    startup_stm32f4xx.o(RESET) refers to stm32f4xx_it.o(i.BusFault_Handler) for BusFault_Handler
    startup_stm32f4xx.o(RESET) refers to stm32f4xx_it.o(i.UsageFault_Handler) for UsageFault_Handler
    startup_stm32f4xx.o(RESET) refers to stm32f4xx_it.o(i.SVC_Handler) for SVC_Handler
    startup_stm32f4xx.o(RESET) refers to stm32f4xx_it.o(i.DebugMon_Handler) for DebugMon_Handler
    startup_stm32f4xx.o(RESET) refers to stm32f4xx_it.o(i.PendSV_Handler) for PendSV_Handler
    startup_stm32f4xx.o(RESET) refers to stm32f4xx_it.o(i.SysTick_Handler) for SysTick_Handler
    startup_stm32f4xx.o(RESET) refers to cs4334.o(i.DMA1_Stream4_IRQHandler) for DMA1_Stream4_IRQHandler
    startup_stm32f4xx.o(RESET) refers to stm32f4xx_it.o(i.EXTI9_5_IRQHandler) for EXTI9_5_IRQHandler
    startup_stm32f4xx.o(RESET) refers to stm32f4xx_it.o(i.TIM2_IRQHandler) for TIM2_IRQHandler
    startup_stm32f4xx.o(RESET) refers to stm32f4xx_it.o(i.EXTI15_10_IRQHandler) for EXTI15_10_IRQHandler
    startup_stm32f4xx.o(RESET) refers to stm32f4xx_it.o(i.SDIO_IRQHandler) for SDIO_IRQHandler
    startup_stm32f4xx.o(RESET) refers to stm32f4xx_it.o(i.DMA2_Stream3_IRQHandler) for DMA2_Stream3_IRQHandler
    startup_stm32f4xx.o(RESET) refers to stm32f4xx_it.o(i.DCMI_IRQHandler) for DCMI_IRQHandler
    startup_stm32f4xx.o(.text) refers to system_stm32f4xx.o(i.SystemInit) for SystemInit
    startup_stm32f4xx.o(.text) refers to entry.o(.ARM.Collect$$$$00000000) for __main
    main.o(i.main) refers to key.o(i.Key_Init) for Key_Init
    main.o(i.main) refers to led.o(i.LED_Init) for LED_Init
    main.o(i.main) refers to lcd.o(i.LCD_Init) for LCD_Init
    main.o(i.main) refers to usart.o(i.COM1Init) for COM1Init
    main.o(i.main) refers to rtc.o(i.MyRTC_Init) for MyRTC_Init
    main.o(i.main) refers to touch.o(i.Touch_Init) for Touch_Init
    main.o(i.main) refers to at45db.o(i.SPI_Flash_Init) for SPI_Flash_Init
    main.o(i.main) refers to gdgui.o(i.Load_param) for Load_param
    main.o(i.main) refers to timer.o(i.PWM_Init) for PWM_Init
    main.o(i.main) refers to timer.o(i.TIM2_Init) for TIM2_Init
    main.o(i.main) refers to mempool.o(i.mem_init) for mem_init
    main.o(i.main) refers to key.o(i.Set_Keyint) for Set_Keyint
    main.o(i.main) refers to ff.o(i.f_mount) for f_mount
    main.o(i.main) refers to ff.o(i.f_open) for f_open
    main.o(i.main) refers to malloc.o(i.malloc) for malloc
    main.o(i.main) refers to ff.o(i.f_read) for f_read
    main.o(i.main) refers to gui_gif.o(i.ShowGif) for ShowGif
    main.o(i.main) refers to malloc.o(i.free) for free
    main.o(i.main) refers to delay.o(i.delay_ms) for delay_ms
    main.o(i.main) refers to gdgui.o(i.GDGUI_start) for GDGUI_start
    stm32f4xx_it.o(i.DCMI_IRQHandler) refers to stm32f4xx_dcmi.o(i.DCMI_GetITStatus) for DCMI_GetITStatus
    stm32f4xx_it.o(i.DCMI_IRQHandler) refers to led.o(i.LEDTog) for LEDTog
    stm32f4xx_it.o(i.DCMI_IRQHandler) refers to stm32f4xx_dcmi.o(i.DCMI_ClearITPendingBit) for DCMI_ClearITPendingBit
    stm32f4xx_it.o(i.DCMI_IRQHandler) refers to key.o(i.Get_Key) for Get_Key
    stm32f4xx_it.o(i.DCMI_IRQHandler) refers to stm32f4xx_dcmi.o(i.DCMI_Cmd) for DCMI_Cmd
    stm32f4xx_it.o(i.DCMI_IRQHandler) refers to stm32f4xx_dcmi.o(i.DCMI_CaptureCmd) for DCMI_CaptureCmd
    stm32f4xx_it.o(i.DCMI_IRQHandler) refers to gdgui.o(i.Prt_Screen) for Prt_Screen
    stm32f4xx_it.o(i.DMA2_Stream3_IRQHandler) refers to sdio_sd.o(i.SD_ProcessDMAIRQ) for SD_ProcessDMAIRQ
    stm32f4xx_it.o(i.EXTI15_10_IRQHandler) refers to stm32f4xx_exti.o(i.EXTI_GetITStatus) for EXTI_GetITStatus
    stm32f4xx_it.o(i.EXTI15_10_IRQHandler) refers to led.o(i.LEDOn) for LEDOn
    stm32f4xx_it.o(i.EXTI15_10_IRQHandler) refers to gdgui.o(i.Prt_Screen) for Prt_Screen
    stm32f4xx_it.o(i.EXTI15_10_IRQHandler) refers to led.o(i.LEDOff) for LEDOff
    stm32f4xx_it.o(i.EXTI15_10_IRQHandler) refers to stm32f4xx_exti.o(i.EXTI_ClearITPendingBit) for EXTI_ClearITPendingBit
    stm32f4xx_it.o(i.EXTI9_5_IRQHandler) refers to stm32f4xx_exti.o(i.EXTI_GetITStatus) for EXTI_GetITStatus
    stm32f4xx_it.o(i.EXTI9_5_IRQHandler) refers to stm32f4xx_exti.o(i.EXTI_ClearITPendingBit) for EXTI_ClearITPendingBit
    stm32f4xx_it.o(i.SDIO_IRQHandler) refers to sdio_sd.o(i.SD_ProcessIRQSrc) for SD_ProcessIRQSrc
    stm32f4xx_it.o(i.SysTick_Handler) refers to delay.o(.data) for ntime
[...]
    Dialog_box                               0x08003d7d   Thumb Code   210  gdgui.o(i.Dialog_box)
    Dip_guibuf                               0x08003e61   Thumb Code    88  gdgui.o(i.Dip_guibuf)
    Draw_BGDline                             0x08003ec1   Thumb Code   208  gdgui.o(i.Draw_BGDline)
    Draw_Bigpiont                            0x08003f9d   Thumb Code    72  lcd.o(i.Draw_Bigpiont)
    Draw_Lpic                                0x08003fe9   Thumb Code   162  album.o(i.Draw_Lpic)
    Draw_Mpic                                0x080040a1   Thumb Code   134  album.o(i.Draw_Mpic)
    Draw_RRect                               0x08004131   Thumb Code   384  gdgui.o(i.Draw_RRect)
    Draw_Spic                                0x080042b1   Thumb Code    80  album.o(i.Draw_Spic)
    Draw_bmp                                 0x08004305   Thumb Code   204  gdgui.o(i.Draw_bmp)
    Draw_buff                                0x080043dd   Thumb Code    66  gdgui.o(i.Draw_buff)
    Draw_busy                                0x08004425   Thumb Code   320  gdgui.o(i.Draw_busy)
    Draw_column                              0x0800456d   Thumb Code    82  music.o(i.Draw_column)
    Draw_icon                                0x080045c1   Thumb Code   126  gdgui.o(i.Draw_icon)
    Draw_lock                                0x08004649   Thumb Code   282  gdgui.o(i.Draw_lock)
    Draw_menbuf                              0x08004771   Thumb Code   178  gdgui.o(i.Draw_menbuf)
    Draw_mono                                0x08004829   Thumb Code   126  gdgui.o(i.Draw_mono)
    Draw_pagepointer                         0x080048ad   Thumb Code   142  gdgui.o(i.Draw_pagepointer)
    Draw_pattern                             0x08004941   Thumb Code   136  game1.o(i.Draw_pattern)
    Draw_prg                                 0x080049d1   Thumb Code   200  music.o(i.Draw_prg)
    Draw_scroll                              0x08004a99   Thumb Code   342  gdgui.o(i.Draw_scroll)
    Dyna_bground                             0x08004bf9   Thumb Code    52  gdgui.o(i.Dyna_bground)
    Dyna_clear                               0x08004c2d   Thumb Code   118  gdgui.o(i.Dyna_clear)
    EICO_slipback                            0x08004ca9   Thumb Code   102  gdgui.o(i.EICO_slipback)
    EXTI15_10_IRQHandler                     0x08004d11   Thumb Code    46  stm32f4xx_it.o(i.EXTI15_10_IRQHandler)
    EXTI9_5_IRQHandler                       0x08004d5d   Thumb Code    24  stm32f4xx_it.o(i.EXTI9_5_IRQHandler)
    EXTI_ClearITPendingBit                   0x08004d75   Thumb Code     6  stm32f4xx_exti.o(i.EXTI_ClearITPendingBit)
    EXTI_GetITStatus                         0x08004d81   Thumb Code    28  stm32f4xx_exti.o(i.EXTI_GetITStatus)
    EXTI_Init                                0x08004da1   Thumb Code   112  stm32f4xx_exti.o(i.EXTI_Init)
    FFT_init                                 0x08004e15   Thumb Code    52  music.o(i.FFT_init)
    FLASH_SPI_Init                           0x08004e65   Thumb Code    58  spi.o(i.FLASH_SPI_Init)
    FSMC_NORSRAMCmd                          0x08004ea9   Thumb Code    28  stm32f4xx_fsmc.o(i.FSMC_NORSRAMCmd)
    FSMC_NORSRAMInit                         0x08004ec9   Thumb Code   192  stm32f4xx_fsmc.o(i.FSMC_NORSRAMInit)
    File_list                                0x08004f89   Thumb Code   372  fmanager.o(i.File_list)
    File_search                              0x08005105   Thumb Code   188  fsearch.o(i.File_search)
    Fill_Circle                              0x080051c9   Thumb Code   196  lcd.o(i.Fill_Circle)
    Fill_Mpic                                0x0800528d   Thumb Code   170  album.o(i.Fill_Mpic)
    Fill_Spic                                0x0800534d   Thumb Code    54  album.o(i.Fill_Spic)
    Fill_back                                0x0800539d   Thumb Code   130  gdgui.o(i.Fill_back)
    Fill_buff                                0x08005429   Thumb Code    66  gdgui.o(i.Fill_buff)
    Fill_paper                               0x08005471   Thumb Code   338  ebook.o(i.Fill_paper)
    Finish_album                             0x08005715   Thumb Code     2  album.o(i.Finish_album)
    Finish_camera                            0x08005719   Thumb Code    20  camera.o(i.Finish_camera)
    Finish_ebook                             0x08005731   Thumb Code    44  ebook.o(i.Finish_ebook)
    Finish_fmanager                          0x08005761   Thumb Code     2  fmanager.o(i.Finish_fmanager)
    Finish_game1                             0x08005765   Thumb Code    32  game1.o(i.Finish_game1)
    Finish_game2                             0x08005791   Thumb Code     2  game2.o(i.Finish_game2)
    Finish_music                             0x08005795   Thumb Code    64  music.o(i.Finish_music)
    FlashPageRead                            0x080057d9   Thumb Code   114  at45db.o(i.FlashPageRead)
    FlashPageWrite                           0x08005851   Thumb Code   146  at45db.o(i.FlashPageWrite)
    FlashWaitBusy                            0x080058e9   Thumb Code    50  at45db.o(i.FlashWaitBusy)
    GDGUI_start                              0x08005921   Thumb Code    88  gdgui.o(i.GDGUI_start)
    GPIO_Init                                0x08005995   Thumb Code   124  stm32f4xx_gpio.o(i.GPIO_Init)
    GPIO_PinAFConfig                         0x08005a11   Thumb Code    32  stm32f4xx_gpio.o(i.GPIO_PinAFConfig)
    GPIO_ResetBits                           0x08005a31   Thumb Code     4  stm32f4xx_gpio.o(i.GPIO_ResetBits)
    GPIO_SetBits                             0x08005a35   Thumb Code     4  stm32f4xx_gpio.o(i.GPIO_SetBits)
    Get_FontAdr                              0x08005a39   Thumb Code    42  gdgui.o(i.Get_FontAdr)
    Get_Key                                  0x08005a65   Thumb Code    22  key.o(i.Get_Key)
    Get_MMAval                               0x08005a85   Thumb Code    32  mma7455.o(i.Get_MMAval)
    Get_bkpoint                              0x08005aa5   Thumb Code    60  gdgui.o(i.Get_bkpoint)
    Get_suff                                 0x08005ae5   Thumb Code    26  fsearch.o(i.Get_suff)
    Get_type                                 0x08005b01   Thumb Code    92  fsearch.o(i.Get_type)
    HardFault_Handler                        0x08005b61   Thumb Code     2  stm32f4xx_it.o(i.HardFault_Handler)
    Home_page                                0x08005b65   Thumb Code   358  gdgui.o(i.Home_page)
    I2S_Cmd                                  0x08005cdd   Thumb Code    20  stm32f4xx_spi.o(i.I2S_Cmd)
    I2S_GPIO_Init                            0x08005cf1   Thumb Code   126  cs4334.o(i.I2S_GPIO_Init)
    I2S_Init                                 0x08005d79   Thumb Code   184  stm32f4xx_spi.o(i.I2S_Init)
    ICO_Select                               0x08005e39   Thumb Code   154  gdgui.o(i.ICO_Select)
    Info_board                               0x08005edd   Thumb Code   166  music.o(i.Info_board)
    Key_Init                                 0x08005f91   Thumb Code    36  key.o(i.Key_Init)
    LCD_Char                                 0x08005fb9   Thumb Code   116  lcd.o(i.LCD_Char)
    LCD_Charmd                               0x08006035   Thumb Code     8  lcd.o(i.LCD_Charmd)
    LCD_Clear                                0x08006041   Thumb Code    38  lcd.o(i.LCD_Clear)
    LCD_Cursor                               0x0800606d   Thumb Code    24  lcd.o(i.LCD_Cursor)
    LCD_Dispmd                               0x08006085   Thumb Code    72  lcd.o(i.LCD_Dispmd)
    LCD_FSMCConf                             0x080060cd   Thumb Code   106  lcd.o(i.LCD_FSMCConf)
    LCD_Fill                                 0x08006139   Thumb Code    72  lcd.o(i.LCD_Fill)
    LCD_GetPoint                             0x08006185   Thumb Code    34  lcd.o(i.LCD_GetPoint)
    LCD_GetpPalConvTable                     0x080061a9   Thumb Code    36  gui_gif.o(i.LCD_GetpPalConvTable)
    LCD_HLine                                0x080061d1   Thumb Code    36  lcd.o(i.LCD_HLine)
    LCD_Init                                 0x080061f9   Thumb Code  2184  lcd.o(i.LCD_Init)
    LCD_Line                                 0x08006a81   Thumb Code   146  lcd.o(i.LCD_Line)
    LCD_LineConf                             0x08006b15   Thumb Code   288  lcd.o(i.LCD_LineConf)
    LCD_Num                                  0x08006c3d   Thumb Code   116  lcd.o(i.LCD_Num)
    LCD_ReadRAM                              0x08006cb5   Thumb Code    16  lcd.o(i.LCD_ReadRAM)
    LCD_ReadReg                              0x08006cc9   Thumb Code    12  lcd.o(i.LCD_ReadReg)
    LCD_SetPoint                             0x08006cd9   Thumb Code    22  lcd.o(i.LCD_SetPoint)
    LCD_Window                               0x08006cf5   Thumb Code    42  lcd.o(i.LCD_Window)
    LCD_WriteReg                             0x08006d21   Thumb Code    12  lcd.o(i.LCD_WriteReg)
    LCK_Slipback                             0x08006d31   Thumb Code    44  gdgui.o(i.LCK_Slipback)
    LEDOff                                   0x08006d61   Thumb Code    16  led.o(i.LEDOff)
    LEDOn                                    0x08006d79   Thumb Code    16  led.o(i.LEDOn)
    LEDTog                                   0x08006d91   Thumb Code    20  led.o(i.LEDTog)
    LED_Init                                 0x08006dad   Thumb Code    84  led.o(i.LED_Init)
    Load_bground                             0x08006e09   Thumb Code   110  gdgui.o(i.Load_bground)
    Load_icon                                0x08006e81   Thumb Code   156  gdgui.o(i.Load_icon)
    Load_lock                                0x08006f25   Thumb Code   176  gdgui.o(i.Load_lock)
    Load_lockpage                            0x08006fd9   Thumb Code   108  gdgui.o(i.Load_lockpage)
    Load_param                               0x0800704d   Thumb Code    10  gdgui.o(i.Load_param)
    Load_type                                0x0800705d   Thumb Code   122  gdgui.o(i.Load_type)
    MICO_slipback                            0x080070e5   Thumb Code   198  gdgui.o(i.MICO_slipback)
    MMA_Init                                 0x080071ad   Thumb Code    62  mma7455.o(i.MMA_Init)
    MMA_Read                                 0x080071f1   Thumb Code    46  mma7455.o(i.MMA_Read)
    MMA_SPI_Init                             0x08007225   Thumb Code    62  spi.o(i.MMA_SPI_Init)
    MMA_Write                                0x0800726d   Thumb Code    54  mma7455.o(i.MMA_Write)
    MemManage_Handler                        0x080072a9   Thumb Code     2  stm32f4xx_it.o(i.MemManage_Handler)
    Move_ICO                                 0x080072ad   Thumb Code   310  gdgui.o(i.Move_ICO)
    Move_Spic                                0x080073f5   Thumb Code   420  album.o(i.Move_Spic)
    Move_file                                0x08007605   Thumb Code   332  fmanager.o(i.Move_file)
    Mp3play                                  0x08007785   Thumb Code    28  music.o(i.Mp3play)
    Mpic_rotaback                            0x080077a5   Thumb Code    96  album.o(i.Mpic_rotaback)
    Musicplay                                0x08007805   Thumb Code    88  music.o(i.Musicplay)
    MyRTC_Init                               0x08007879   Thumb Code    90  rtc.o(i.MyRTC_Init)
    My_FFT                                   0x080078dd   Thumb Code    30  music.o(i.My_FFT)
    My_chdir                                 0x08007901   Thumb Code     8  fsearch.o(i.My_chdir)
    NMI_Handler                              0x0800790d   Thumb Code     2  stm32f4xx_it.o(i.NMI_Handler)
    NVIC_Configuration                       0x0800790f   Thumb Code    56  sdio_sd.o(i.NVIC_Configuration)
    NVIC_Init                                0x08007949   Thumb Code    92  misc.o(i.NVIC_Init)
    NVIC_PriorityGroupConfig                 0x080079ad   Thumb Code    10  misc.o(i.NVIC_PriorityGroupConfig)
    OV7670_Init                              0x080079c1   Thumb Code    56  ov7670.o(i.OV7670_Init)
    OV_Reset                                 0x080079fd   Thumb Code     8  ov7670.o(i.OV_Reset)
    OV_WriteReg                              0x08007a05   Thumb Code    78  ov7670.o(i.OV_WriteReg)
    PWM_Init                                 0x08007a55   Thumb Code    98  timer.o(i.PWM_Init)
    PWR_BackupAccessCmd                      0x08007ac9   Thumb Code     6  stm32f4xx_pwr.o(i.PWR_BackupAccessCmd)
    PendSV_Handler                           0x08007ad5   Thumb Code     2  stm32f4xx_it.o(i.PendSV_Handler)
    Play_ctrl                                0x08007ad9   Thumb Code   330  music.o(i.Play_ctrl)
    Play_next                                0x08007c2d   Thumb Code    54  music.o(i.Play_next)
    Play_prev                                0x08007c6d   Thumb Code    50  music.o(i.Play_prev)
    Play_sound                               0x08007ca9   Thumb Code    62  game2.o(i.Play_sound)
    Play_view                                0x08007cf1   Thumb Code   678  music.o(i.Play_view)
    Prt_Screen                               0x08007fb1   Thumb Code   148  gdgui.o(i.Prt_Screen)
    RCC_AHB1PeriphClockCmd                   0x08008049   Thumb Code    18  stm32f4xx_rcc.o(i.RCC_AHB1PeriphClockCmd)
    RCC_AHB2PeriphClockCmd                   0x08008061   Thumb Code    18  stm32f4xx_rcc.o(i.RCC_AHB2PeriphClockCmd)
    RCC_AHB3PeriphClockCmd                   0x08008079   Thumb Code    18  stm32f4xx_rcc.o(i.RCC_AHB3PeriphClockCmd)
    RCC_APB1PeriphClockCmd                   0x08008091   Thumb Code    18  stm32f4xx_rcc.o(i.RCC_APB1PeriphClockCmd)
    RCC_APB1PeriphResetCmd                   0x080080a9   Thumb Code    18  stm32f4xx_rcc.o(i.RCC_APB1PeriphResetCmd)
    RCC_APB2PeriphClockCmd                   0x080080c1   Thumb Code    18  stm32f4xx_rcc.o(i.RCC_APB2PeriphClockCmd)
    RCC_APB2PeriphResetCmd                   0x080080d9   Thumb Code    18  stm32f4xx_rcc.o(i.RCC_APB2PeriphResetCmd)
    RCC_GetClocksFreq                        0x080080f1   Thumb Code   138  stm32f4xx_rcc.o(i.RCC_GetClocksFreq)
    RCC_GetFlagStatus                        0x08008189   Thumb Code    46  stm32f4xx_rcc.o(i.RCC_GetFlagStatus)
    RCC_LSEConfig                            0x080081bd   Thumb Code    22  stm32f4xx_rcc.o(i.RCC_LSEConfig)
    RCC_MCO2Config                           0x080081d9   Thumb Code    16  stm32f4xx_rcc.o(i.RCC_MCO2Config)
    RCC_RTCCLKCmd                            0x080081ed   Thumb Code     6  stm32f4xx_rcc.o(i.RCC_RTCCLKCmd)
    RCC_RTCCLKConfig                         0x080081f9   Thumb Code    40  stm32f4xx_rcc.o(i.RCC_RTCCLKConfig)
    RTC_AlarmCmd                             0x08008229   Thumb Code    72  stm32f4xx_rtc.o(i.RTC_AlarmCmd)
    RTC_ClearFlag                            0x080082a1   Thumb Code    22  stm32f4xx_rtc.o(i.RTC_ClearFlag)
    RTC_Config                               0x080082bd   Thumb Code    64  rtc.o(i.RTC_Config)
    RTC_EnterInitMode                        0x08008301   Thumb Code    46  stm32f4xx_rtc.o(i.RTC_EnterInitMode)
    RTC_ExitInitMode                         0x08008335   Thumb Code    12  stm32f4xx_rtc.o(i.RTC_ExitInitMode)
    RTC_GetTime                              0x08008345   Thumb Code    68  stm32f4xx_rtc.o(i.RTC_GetTime)
    RTC_ITConfig                             0x08008391   Thumb Code    60  stm32f4xx_rtc.o(i.RTC_ITConfig)
    RTC_Init                                 0x080083d1   Thumb Code    74  stm32f4xx_rtc.o(i.RTC_Init)
    RTC_ReadBackupRegister                   0x08008421   Thumb Code     8  stm32f4xx_rtc.o(i.RTC_ReadBackupRegister)
    RTC_SetAlarm                             0x0800842d   Thumb Code   158  stm32f4xx_rtc.o(i.RTC_SetAlarm)
    RTC_SetTime                              0x080084d1   Thumb Code   144  stm32f4xx_rtc.o(i.RTC_SetTime)
    RTC_TimeRegulate                         0x08008569   Thumb Code   110  rtc.o(i.RTC_TimeRegulate)
    RTC_TimeShow                             0x080085e1   Thumb Code    74  rtc.o(i.RTC_TimeShow)
    RTC_WaitForSynchro                       0x08008631   Thumb Code    64  stm32f4xx_rtc.o(i.RTC_WaitForSynchro)
    RTC_WriteBackupRegister                  0x08008675   Thumb Code     8  stm32f4xx_rtc.o(i.RTC_WriteBackupRegister)
    ReadUnit                                 0x08008681   Thumb Code    46  music.o(i.ReadUnit)
    Read_X                                   0x080086b1   Thumb Code    80  touch.o(i.Read_X)
    Read_XY                                  0x08008705   Thumb Code    98  touch.o(i.Read_XY)
    Read_Y                                   0x08008769   Thumb Code    80  touch.o(i.Read_Y)
    RecallUI                                 0x080087bd   Thumb Code   126  album.o(i.RecallUI)
    Redraw_back                              0x08008841   Thumb Code    60  game2.o(i.Redraw_back)
    Rotation                                 0x08008881   Thumb Code   236  album.o(i.Rotation)
    SCCB_Init                                0x08008979   Thumb Code    46  ov7670.o(i.SCCB_Init)
    SCCB_SID_IN                              0x080089ad   Thumb Code    34  ov7670.o(i.SCCB_SID_IN)
    SCCB_SID_OUT                             0x080089d5   Thumb Code    38  ov7670.o(i.SCCB_SID_OUT)
    SCCB_Start                               0x08008a01   Thumb Code    44  ov7670.o(i.SCCB_Start)
    SCCB_Stop                                0x08008a31   Thumb Code    36  ov7670.o(i.SCCB_Stop)
    SCCB_Write                               0x08008a59   Thumb Code   116  ov7670.o(i.SCCB_Write)
    SDIO_ClearFlag                           0x08008b95   Thumb Code     6  stm32f4xx_sdio.o(i.SDIO_ClearFlag)
    SDIO_ClearITPendingBit                   0x08008ba1   Thumb Code     6  stm32f4xx_sdio.o(i.SDIO_ClearITPendingBit)
    SDIO_ClockCmd                            0x08008bad   Thumb Code     6  stm32f4xx_sdio.o(i.SDIO_ClockCmd)
    SDIO_DMACmd                              0x08008bb9   Thumb Code     6  stm32f4xx_sdio.o(i.SDIO_DMACmd)
    SDIO_DataConfig                          0x08008bc5   Thumb Code    42  stm32f4xx_sdio.o(i.SDIO_DataConfig)
    SDIO_DeInit                              0x08008bf5   Thumb Code    24  stm32f4xx_sdio.o(i.SDIO_DeInit)
    SDIO_GetCommandResponse                  0x08008c0d   Thumb Code     8  stm32f4xx_sdio.o(i.SDIO_GetCommandResponse)
    SDIO_GetFlagStatus                       0x08008c19   Thumb Code    16  stm32f4xx_sdio.o(i.SDIO_GetFlagStatus)
    SDIO_GetITStatus                         0x08008c2d   Thumb Code    16  stm32f4xx_sdio.o(i.SDIO_GetITStatus)
    SDIO_GetPowerState                       0x08008c41   Thumb Code    10  stm32f4xx_sdio.o(i.SDIO_GetPowerState)
    SDIO_GetResponse                         0x08008c51   Thumb Code     6  stm32f4xx_sdio.o(i.SDIO_GetResponse)
    SDIO_IRQHandler                          0x08008c5d   Thumb Code     4  stm32f4xx_it.o(i.SDIO_IRQHandler)
    SDIO_ITConfig                            0x08008c61   Thumb Code    18  stm32f4xx_sdio.o(i.SDIO_ITConfig)
    SDIO_Init                                0x08008c79   Thumb Code    40  stm32f4xx_sdio.o(i.SDIO_Init)
    SDIO_ReadData                            0x08008ca5   Thumb Code     6  stm32f4xx_sdio.o(i.SDIO_ReadData)
    SDIO_SendCommand                         0x08008cb1   Thumb Code    36  stm32f4xx_sdio.o(i.SDIO_SendCommand)
    SDIO_SetPowerState                       0x08008cd9   Thumb Code     6  stm32f4xx_sdio.o(i.SDIO_SetPowerState)
    SD_EnableWideBusOperation                0x08008ce5   Thumb Code   106  sdio_sd.o(i.SD_EnableWideBusOperation)
    SD_GetCardInfo                           0x08008d59   Thumb Code   606  sdio_sd.o(i.SD_GetCardInfo)
    SD_GetState                              0x08008fc1   Thumb Code    26  sdio_sd.o(i.SD_GetState)
    SD_GetStatus                             0x08008fdb   Thumb Code    26  sdio_sd.o(i.SD_GetStatus)
    SD_Init                                  0x08008ff5   Thumb Code    94  sdio_sd.o(i.SD_Init)
    SD_InitializeCards                       0x08009059   Thumb Code   246  sdio_sd.o(i.SD_InitializeCards)
    SD_LowLevel_DMA_TxConfig                 0x08009159   Thumb Code   128  sdio_sd.o(i.SD_LowLevel_DMA_TxConfig)
    SD_LowLevel_Init                         0x080091e1   Thumb Code   156  sdio_sd.o(i.SD_LowLevel_Init)
    SD_PowerON                               0x08009285   Thumb Code   428  sdio_sd.o(i.SD_PowerON)
    SD_ProcessDMAIRQ                         0x08009441   Thumb Code    30  sdio_sd.o(i.SD_ProcessDMAIRQ)
    SD_ProcessIRQSrc                         0x08009469   Thumb Code   140  sdio_sd.o(i.SD_ProcessIRQSrc)
    SD_ReadBlock                             0x080094f9   Thumb Code   308  sdio_sd.o(i.SD_ReadBlock)
    SD_ReadMultiBlocks                       0x08009639   Thumb Code   374  sdio_sd.o(i.SD_ReadMultiBlocks)
    SD_SelectDeselect                        0x080097bd   Thumb Code    40  sdio_sd.o(i.SD_SelectDeselect)
    SD_SendStatus                            0x080097e9   Thumb Code    62  sdio_sd.o(i.SD_SendStatus)
    SD_StopTransfer                          0x08009831   Thumb Code    36  sdio_sd.o(i.SD_StopTransfer)
    SD_WaitWriteOperation                    0x08009859   Thumb Code    92  sdio_sd.o(i.SD_WaitWriteOperation)
    SD_WriteBlock                            0x080098bd   Thumb Code   160  sdio_sd.o(i.SD_WriteBlock)
    SD_WriteMultiBlocks                      0x08009969   Thumb Code   248  sdio_sd.o(i.SD_WriteMultiBlocks)
    SPI1_Init                                0x08009a6d   Thumb Code    78  spi.o(i.SPI1_Init)
    SPI1_RWByte                              0x08009ac5   Thumb Code    22  spi.o(i.SPI1_RWByte)
    SPI_Cmd                                  0x08009ae1   Thumb Code    20  stm32f4xx_spi.o(i.SPI_Cmd)
    SPI_Flash_Init                           0x08009af5   Thumb Code    18  at45db.o(i.SPI_Flash_Init)
    SPI_Flash_Read                           0x08009b09   Thumb Code    96  at45db.o(i.SPI_Flash_Read)
    SPI_I2S_DMACmd                           0x08009b6d   Thumb Code    16  stm32f4xx_spi.o(i.SPI_I2S_DMACmd)
    SPI_I2S_DeInit                           0x08009b7d   Thumb Code    72  stm32f4xx_spi.o(i.SPI_I2S_DeInit)
    SPI_Init                                 0x08009bd1   Thumb Code    56  stm32f4xx_spi.o(i.SPI_Init)
    SPI_MMA_Cal                              0x08009c09   Thumb Code    30  mma7455.o(i.SPI_MMA_Cal)
    SVC_Handler                              0x08009c27   Thumb Code     2  stm32f4xx_it.o(i.SVC_Handler)
    SYSCFG_EXTILineConfig                    0x08009c29   Thumb Code    34  stm32f4xx_syscfg.o(i.SYSCFG_EXTILineConfig)
    Save_mono                                0x08009c51   Thumb Code   112  gdgui.o(i.Save_mono)
    Save_param                               0x08009cc9   Thumb Code    10  gdgui.o(i.Save_param)
    Save_pic                                 0x08009cd9   Thumb Code   176  gdgui.o(i.Save_pic)
    Scroll_back                              0x08009d91   Thumb Code    68  gdgui.o(i.Scroll_back)
    Scroll_ctrl                              0x08009dd5   Thumb Code   366  gdgui.o(i.Scroll_ctrl)
    Select_app                               0x08009f55   Thumb Code   148  gdgui.o(i.Select_app)
    Select_file                              0x0800a001   Thumb Code    76  fmanager.o(i.Select_file)
    Set_Keyint                               0x0800a119   Thumb Code    96  key.o(i.Set_Keyint)
    Set_Spic                                 0x0800a17d   Thumb Code    88  album.o(i.Set_Spic)
    Set_ball                                 0x0800a1d9   Thumb Code    98  game1.o(i.Set_ball)
    Set_bkpoint                              0x0800a25d   Thumb Code    56  gdgui.o(i.Set_bkpoint)
    Set_eico                                 0x0800a299   Thumb Code   266  gdgui.o(i.Set_eico)
    Set_mico                                 0x0800a3a9   Thumb Code   386  gdgui.o(i.Set_mico)
    Set_scroll                               0x0800a52d   Thumb Code   226  gdgui.o(i.Set_scroll)
    ShowGif                                  0x0800a621   Thumb Code    82  gui_gif.o(i.ShowGif)
    Show_Fonts                               0x0800a679   Thumb Code    88  gdgui.o(i.Show_Fonts)
    Show_Hanzi                               0x0800a6dd   Thumb Code   122  gdgui.o(i.Show_Hanzi)
    Show_Vfonts                              0x0800a769   Thumb Code    60  ebook.o(i.Show_Vfonts)
    Show_path                                0x0800a7a5   Thumb Code    50  fmanager.o(i.Show_path)
    Show_time                                0x0800a7d7   Thumb Code   122  music.o(i.Show_time)
    Slip_eico                                0x0800a851   Thumb Code   134  gdgui.o(i.Slip_eico)
    Slip_mico                                0x0800a8e9   Thumb Code    96  gdgui.o(i.Slip_mico)
    Slip_paper                               0x0800a955   Thumb Code   214  ebook.o(i.Slip_paper)
    Spec_WINLine                             0x0800aa31   Thumb Code   132  gdgui.o(i.Spec_WINLine)
    Spic_slipback                            0x0800aab5   Thumb Code    92  album.o(i.Spic_slipback)
    Stick_Flist                              0x0800ab11   Thumb Code    88  fmanager.o(i.Stick_Flist)
    Stick_Mlist                              0x0800ab69   Thumb Code    88  music.o(i.Stick_Mlist)
    Stick_paper                              0x0800abc1   Thumb Code   136  ebook.o(i.Stick_paper)
    Stick_view                               0x0800ac49   Thumb Code   162  music.o(i.Stick_view)
    SysTick_Handler                          0x0800ad1d   Thumb Code    10  stm32f4xx_it.o(i.SysTick_Handler)
    SystemInit                               0x0800ad2d   Thumb Code    74  system_stm32f4xx.o(i.SystemInit)
    TIM2_IRQHandler                          0x0800ad89   Thumb Code    52  stm32f4xx_it.o(i.TIM2_IRQHandler)
    TIM2_Init                                0x0800adc1   Thumb Code   100  timer.o(i.TIM2_Init)
    TIM3_Init                                0x0800ae25   Thumb Code    68  timer.o(i.TIM3_Init)
    TIM_ARRPreloadConfig                     0x0800ae6d   Thumb Code    20  stm32f4xx_tim.o(i.TIM_ARRPreloadConfig)
    TIM_ClearITPendingBit                    0x0800ae81   Thumb Code     6  stm32f4xx_tim.o(i.TIM_ClearITPendingBit)
    TIM_Cmd                                  0x0800ae87   Thumb Code    20  stm32f4xx_tim.o(i.TIM_Cmd)
    TIM_GetITStatus                          0x0800ae9b   Thumb Code    22  stm32f4xx_tim.o(i.TIM_GetITStatus)
    TIM_ITConfig                             0x0800aeb1   Thumb Code    16  stm32f4xx_tim.o(i.TIM_ITConfig)
    TIM_OC2Init                              0x0800aec1   Thumb Code   116  stm32f4xx_tim.o(i.TIM_OC2Init)
    TIM_OC2PreloadConfig                     0x0800af3d   Thumb Code    14  stm32f4xx_tim.o(i.TIM_OC2PreloadConfig)
    TIM_PrescalerConfig                      0x0800af4b   Thumb Code     6  stm32f4xx_tim.o(i.TIM_PrescalerConfig)
    TIM_TimeBaseInit                         0x0800af51   Thumb Code   100  stm32f4xx_tim.o(i.TIM_TimeBaseInit)
    Touch_Init                               0x0800afd1   Thumb Code   118  touch.o(i.Touch_Init)
    TransPoint                               0x0800b04d   Thumb Code   130  lcd.o(i.TransPoint)
    Trans_HLine                              0x0800b0cf   Thumb Code    42  gdgui.o(i.Trans_HLine)
    Trans_SFill                              0x0800b0f9   Thumb Code    82  gdgui.o(i.Trans_SFill)
    Trans_WINCircle                          0x0800b14d   Thumb Code   234  gdgui.o(i.Trans_WINCircle)
    Trans_WINLine                            0x0800b237   Thumb Code    42  gdgui.o(i.Trans_WINLine)
    Trans_WinPoint                           0x0800b261   Thumb Code   142  gdgui.o(i.Trans_WinPoint)
    Trans_WinPoint2                          0x0800b2f5   Thumb Code   142  gdgui.o(i.Trans_WinPoint2)
    Trans_bground                            0x0800b389   Thumb Code   210  gdgui.o(i.Trans_bground)
    USART_ClearFlag                          0x0800b465   Thumb Code     6  stm32f4xx_usart.o(i.USART_ClearFlag)
    USART_Cmd                                0x0800b46b   Thumb Code    20  stm32f4xx_usart.o(i.USART_Cmd)
    USART_Init                               0x0800b481   Thumb Code   174  stm32f4xx_usart.o(i.USART_Init)
    UpdateFont                               0x0800b539   Thumb Code   108  gdgui.o(i.UpdateFont)
    Update_patterns                          0x0800b5a9   Thumb Code   476  gdgui.o(i.Update_patterns)
    UsageFault_Handler                       0x0800b949   Thumb Code     2  stm32f4xx_it.o(i.UsageFault_Handler)
    WIN_TCircle                              0x0800b94d   Thumb Code   226  gdgui.o(i.WIN_TCircle)
    WaveParsing                              0x0800ba31   Thumb Code   336  music.o(i.WaveParsing)
    Wavplay                                  0x0800bb99   Thumb Code   154  music.o(i.Wavplay)
    Win_Char                                 0x0800bc49   Thumb Code   110  gdgui.o(i.Win_Char)
    Win_Fill                                 0x0800bcc5   Thumb Code    56  gdgui.o(i.Win_Fill)
    Win_Fonts                                0x0800bcfd   Thumb Code   100  gdgui.o(i.Win_Fonts)
    Win_Getpoint                             0x0800bd6d   Thumb Code    30  gdgui.o(i.Win_Getpoint)
    Win_HTLine                               0x0800bd91   Thumb Code    42  gdgui.o(i.Win_HTLine)
    Win_Hanzi                                0x0800bdbd   Thumb Code    94  gdgui.o(i.Win_Hanzi)
    Win_Num                                  0x0800be1d   Thumb Code   116  gdgui.o(i.Win_Num)
    Win_SFill                                0x0800be95   Thumb Code    82  gdgui.o(i.Win_SFill)
    Win_SetPoint                             0x0800bee9   Thumb Code    30  gdgui.o(i.Win_SetPoint)
    Win_TransPoint                           0x0800bf0d   Thumb Code   144  gdgui.o(i.Win_TransPoint)
    Win_VTLine                               0x0800bfa1   Thumb Code    42  gdgui.o(i.Win_VTLine)
    WriteBMPInfo                             0x0800bfcb   Thumb Code    58  gdgui.o(i.WriteBMPInfo)
    WriteHeader                              0x0800c005   Thumb Code    48  gdgui.o(i.WriteHeader)
    Zoom_Mpic                                0x0800c039   Thumb Code   302  album.o(i.Zoom_Mpic)
    Zoomback                                 0x0800c171   Thumb Code    64  album.o(i.Zoomback)
    __scatterload_copy                       0x0800cb05   Thumb Code    14  handlers.o(i.__scatterload_copy)
    __scatterload_null                       0x0800cb13   Thumb Code     2  handlers.o(i.__scatterload_null)
    __scatterload_zeroinit                   0x0800cb15   Thumb Code    14  handlers.o(i.__scatterload_zeroinit)
    clust2sect                               0x0800cda5   Thumb Code    24  ff.o(i.clust2sect)
    delay_ms                                 0x0800cfb1   Thumb Code    26  delay.o(i.delay_ms)
    delay_us                                 0x0800cfd5   Thumb Code    26  delay.o(i.delay_us)
    disk_initialize                          0x0800d1fd   Thumb Code    22  diskio.o(i.disk_initialize)
    disk_ioctl                               0x0800d215   Thumb Code    40  diskio.o(i.disk_ioctl)
    disk_read                                0x0800d241   Thumb Code    38  diskio.o(i.disk_read)
    disk_status                              0x0800d26d   Thumb Code    20  diskio.o(i.disk_status)
    disk_write                               0x0800d281   Thumb Code    52  diskio.o(i.disk_write)
    f_close                                  0x0800d2b9   Thumb Code    18  ff.o(i.f_close)
    f_lseek                                  0x0800d2cb   Thumb Code   306  ff.o(i.f_lseek)
    f_mount                                  0x0800d3fd   Thumb Code    26  ff.o(i.f_mount)
    f_open                                   0x0800d41d   Thumb Code   312  ff.o(i.f_open)
    f_opendir                                0x0800d555   Thumb Code    78  ff.o(i.f_opendir)
    f_read                                   0x0800d5a3   Thumb Code   336  ff.o(i.f_read)
    f_readdir                                0x0800d6f3   Thumb Code    80  ff.o(i.f_readdir)
    f_sync                                   0x0800d743   Thumb Code   164  ff.o(i.f_sync)
    f_write                                  0x0800d7e7   Thumb Code   396  ff.o(i.f_write)
    free                                     0x0800da41   Thumb Code    76  malloc.o(i.free)
    get_fat                                  0x0800da91   Thumb Code   184  ff.o(i.get_fat)
    get_fattime                              0x0800db49   Thumb Code     4  diskio.o(i.get_fattime)
    main                                     0x0800dbbd   Thumb Code   156  main.o(i.main)
    malloc                                   0x0800dc71   Thumb Code    92  malloc.o(i.malloc)
    mem_init                                 0x0800dcf1   Thumb Code    46  mempool.o(i.mem_init)
    mypow                                    0x0800dda1   Thumb Code    20  lcd.o(i.mypow)
    put_fat                                  0x0800ddb5   Thumb Code   246  ff.o(i.put_fat)
    holepos                                  0x0800fd52   Data          76  game1.o(.constdata)
    realCoefAQ31                             0x080105b8   Data        4096  arm_rfft_init_q31.o(.constdata)
    realCoefBQ31                             0x080115b8   Data        4096  arm_rfft_init_q31.o(.constdata)
    armBitRevTable                           0x080145b8   Data         512  arm_common_tables.o(.constdata)
    armRecipTableQ31                         0x080147b8   Data         256  arm_common_tables.o(.constdata)
    Region$$Table$$Base                      0x080148ec   Number         0  anon$$obj.o(Region$$Table)
    Region$$Table$$Limit                     0x0801490c   Number         0  anon$$obj.o(Region$$Table)
    SystemCoreClock                          0x20000000   Data           4  system_stm32f4xx.o(.data)
    AHBPrescTable                            0x20000004   Data          16  system_stm32f4xx.o(.data)
    ntime                                    0x2000002c   Data           2  delay.o(.data)
    Fsize                                    0x20000030   Data           1  lcd.o(.data)
    Charmd                                   0x20000031   Data           1  lcd.o(.data)
    Llimit                                   0x20000032   Data           2  lcd.o(.data)
    Rlimit                                   0x20000034   Data           2  lcd.o(.data)
    Bcolor                                   0x20000036   Data           2  lcd.o(.data)
    lcdid                                    0x20000038   Data           4  lcd.o(.data)
    PENX                                     0x2000003c   Data           2  touch.o(.data)
    PENY                                     0x2000003e   Data           2  touch.o(.data)
    TransferError                            0x20000040   Data           1  sdio_sd.o(.data)
    StopCondition                            0x2000004c   Data           4  sdio_sd.o(.data)
    TransferEnd                              0x20000050   Data           4  sdio_sd.o(.data)
    DMAEndOfTransfer                         0x20000054   Data           4  sdio_sd.o(.data)
    AudioTotalSize                           0x20000064   Data           4  cs4334.o(.data)
    AudioRemSize                             0x20000068   Data           4  cs4334.o(.data)
    CurrentPos                               0x2000006c   Data           4  cs4334.o(.data)
    screen                                   0x200000b0   Data           1  gdgui.o(.data)
    eicocur                                  0x200000b1   Data           1  gdgui.o(.data)
    scrpos                                   0x200000b2   Data           1  gdgui.o(.data)
    appcur                                   0x200000b3   Data           1  gdgui.o(.data)
    bufwidth                                 0x200000b4   Data           2  gdgui.o(.data)
    bufheight                                0x200000b6   Data           2  gdgui.o(.data)
    OX                                       0x200000b8   Data           2  gdgui.o(.data)
    OY                                       0x200000ba   Data           2  gdgui.o(.data)
    icolist                                  0x200000bc   Data           4  gdgui.o(.data)
    NY                                       0x200000c0   Data           4  gdgui.o(.data)
    work_buf                                 0x200000c4   Data           4  gdgui.o(.data)
    gui_buf                                  0x200000c8   Data           4  gdgui.o(.data)
    basex1                                   0x200000cc   Data           4  gdgui.o(.data)
    basex2                                   0x200000d0   Data           4  gdgui.o(.data)
    NX                                       0x200000d4   Data           4  gdgui.o(.data)
    oldbuf                                   0x200000d8   Data           4  gdgui.o(.data)
    newbuf                                   0x200000dc   Data           4  gdgui.o(.data)
    BACKCOLOR                                0x200000e0   Data           2  gui_gif.o(.data)
    _Source                                  0x200000e4   Data           8  gui_gif.o(.data)
    wav                                      0x200000ec   Data           4  music.o(.data)
    mus                                      0x200000f0   Data           4  music.o(.data)
    mus_buf1                                 0x200000f4   Data           4  music.o(.data)
    mus_buf2                                 0x200000f8   Data           4  music.o(.data)
    FFTinbuf                                 0x200000fc   Data           4  music.o(.data)
    FFToutbuf                                0x20000100   Data           4  music.o(.data)
    ebk                                      0x20000104   Data           4  ebook.o(.data)
    ebk_buf1                                 0x20000108   Data           4  ebook.o(.data)
    ebk_buf2                                 0x2000010c   Data           4  ebook.o(.data)
    ebk_buf3                                 0x20000110   Data           4  ebook.o(.data)
    ebk_ptr                                  0x20000114   Data           4  ebook.o(.data)
    curpic                                   0x20000118   Data           1  album.o(.data)
    piccnt                                   0x2000011a   Data           2  album.o(.data)
    basex                                    0x2000011c   Data           4  album.o(.data)
    basea                                    0x20000120   Data           4  album.o(.data)
    spic_buf                                 0x20000124   Data           4  album.o(.data)
    pic_name                                 0x20000128   Data           4  album.o(.data)
    pic_size                                 0x2000012c   Data           4  album.o(.data)
    linebuf                                  0x20000130   Data           4  album.o(.data)
    cam                                      0x20000134   Data           4  camera.o(.data)
    file_cnt                                 0x20000138   Data           2  fmanager.o(.data)
    file_curr                                0x2000013a   Data           2  fmanager.o(.data)
    file_name                                0x2000013c   Data           4  fmanager.o(.data)
    file_size                                0x20000140   Data           4  fmanager.o(.data)
    file_trib                                0x20000144   Data           4  fmanager.o(.data)
    Pbuf_sw                                  0x20000148   Data           1  game1.o(.data)
    Sx                                       0x2000014c   Data           4  game1.o(.data)
    Sy                                       0x20000150   Data           4  game1.o(.data)
    ballbuf1                                 0x20000154   Data           4  game1.o(.data)
    ballbuf2                                 0x20000158   Data           4  game1.o(.data)
    __microlib_freelist                      0x2000015c   Data           4  mvars.o(.data)
    __microlib_freelist_initialised          0x20000160   Data           4  mvars.o(.data)
    SDCardInfo                               0x200001bc   Data          80  sdio_sd.o(.bss)
    SDIO_InitStructure                       0x2000020c   Data          24  sdio_sd.o(.bss)
    SDIO_CmdInitStructure                    0x20000224   Data          20  sdio_sd.o(.bss)
    SDIO_DataInitStructure                   0x20000238   Data          24  sdio_sd.o(.bss)
    AT45_buffer                              0x20000250   Data         792  at45db.o(.bss)
    DMA_InitStructure                        0x20000584   Data          60  cs4334.o(.bss)
    namebuf                                  0x200009d0   Data         650  fsearch.o(.bss)
    sizebuf                                  0x20000c5c   Data         200  fsearch.o(.bss)
    tribbuf                                  0x20000d24   Data          50  fsearch.o(.bss)
    path_curr                                0x20000d56   Data          50  fsearch.o(.bss)
    Sysparam                                 0x20000d88   Data         528  gdgui.o(.bss)
    GBK_Buf                                  0x20000f98   Data          32  gdgui.o(.bss)
    _LZWContext                              0x20000fb8   Data       15604  gui_gif.o(.bss)
    _aColorTable                             0x20004cac   Data        1024  gui_gif.o(.bss)
    LCD_ConvTab                              0x200050ac   Data         512  gui_gif.o(.bss)
    __heap_base                              0x200053d8   Data           0  startup_stm32f4xx.o(HEAP)
    __heap_limit                             0x2001e3d8   Data           0  startup_stm32f4xx.o(HEAP)
    __initial_sp                             0x2001e7d8   Data           0  startup_stm32f4xx.o(STACK)



==============================================================================

Memory Map of the image

  Image Entry point : 0x08000189

  Load Region LR_IROM1 (Base: 0x08000000, Size: 0x00014a70, Max: 0x00100000, ABSOLUTE, COMPRESSED[0x00014958])

    Execution Region ER_IROM1 (Base: 0x08000000, Size: 0x0001490c, Max: 0x00100000, ABSOLUTE)

    Base Addr    Size         Type   Attr      Idx    E Section Name        Object

    0x08000000   0x00000188   Data   RO            3    RESET               startup_stm32f4xx.o
    0x08000188   0x00000000   Code   RO         5500  * .ARM.Collect$$$$00000000  mc_w.l(entry.o)
    0x08000188   0x00000004   Code   RO         5543    .ARM.Collect$$$$00000001  mc_w.l(entry2.o)
    0x0800018c   0x00000004   Code   RO         5546    .ARM.Collect$$$$00000004  mc_w.l(entry5.o)
    0x08000190   0x00000000   Code   RO         5548    .ARM.Collect$$$$00000008  mc_w.l(entry7b.o)
    0x08000190   0x00000008   Code   RO         5549    .ARM.Collect$$$$00000009  mc_w.l(entry8.o)
    0x08000198   0x00000004   Code   RO         5544    .ARM.Collect$$$$00002712  mc_w.l(entry2.o)
    0x0800019c   0x00000034   Code   RO            4    .text               startup_stm32f4xx.o
    0x080001d0   0x000000d0   Code   RO         5311    .text               arm_cortexM4lf_math.lib(arm_cos_f32.o)
    0x080002a0   0x000000cc   Code   RO         5354    .text               arm_cortexM4lf_math.lib(arm_sin_f32.o)
    0x0800036c   0x000000c0   Code   RO         5372    .text               arm_cortexM4lf_math.lib(arm_cmplx_mag_q31.o)
    0x0800042c   0x00000068   Code   RO         5388    .text               arm_cortexM4lf_math.lib(arm_rfft_init_q31.o)
    0x08000494   0x00000254   Code   RO         5407    .text               arm_cortexM4lf_math.lib(arm_rfft_q31.o)
    0x080006e8   0x000002ac   Code   RO         5424    .text               arm_cortexM4lf_math.lib(arm_sqrt_q31.o)
    0x08000994   0x00000070   Code   RO         5447    .text               arm_cortexM4lf_math.lib(arm_cfft_radix4_init_q31.o)
    0x08000a04   0x00000a08   Code   RO         5469    .text               arm_cortexM4lf_math.lib(arm_cfft_radix4_q31.o)
    0x0800140c   0x00000024   Code   RO         5503    .text               mc_w.l(memcpya.o)
    0x08001430   0x00000026   Code   RO         5505    .text               mc_w.l(memseta.o)
    0x08001456   0x0000001c   Code   RO         5507    .text               mc_w.l(strcat.o)
    0x08001472   0x00000018   Code   RO         5509    .text               mc_w.l(strncpy.o)
    0x0800148a   0x00000012   Code   RO         5511    .text               mc_w.l(strcpy.o)
    0x0800149c   0x00000024   Code   RO         5552    .text               mc_w.l(init.o)
    0x080014c0   0x0000005c   Code   RO         5562    .text               mc_w.l(__dczerorl2.o)
    0x0800151c   0x00000048   Code   RO          822    i.ADS_Read          touch.o
    0x08001564   0x00000048   Code   RO          368    i.ADS_SPI_Init      spi.o
    0x080015ac   0x00000016   Code   RO         1258    i.AUDIO_Init        cs4334.o
    0x080015c2   0x00000002   PAD
    0x080015c4   0x000000c0   Code   RO         4815    i.AUDIO_TransferComplete  music.o
    0x08001684   0x0000001c   Code   RO         3850    i.Add_path          fsearch.o
    0x080016a0   0x000005f0   Code   RO         5020    i.App_album         album.o
    0x08001c90   0x000000b0   Code   RO         5135    i.App_camera        camera.o
    0x08001d40   0x00000288   Code   RO         4960    i.App_ebook         ebook.o
    0x08001fc8   0x00000358   Code   RO         5163    i.App_fmanager      fmanager.o
    0x08002320   0x0000026c   Code   RO         5264    i.App_game1         game1.o
    0x0800258c   0x00000280   Code   RO         5218    i.App_game2         game2.o
    0x0800280c   0x000004b4   Code   RO         4816    i.App_music         music.o
    0x08002cc0   0x00000090   Code   RO         1260    i.Audio_DMA_Init    cs4334.o
    0x08002d50   0x0000003c   Code   RO         1261    i.Audio_I2S_Init    cs4334.o
    0x08002d8c   0x00000040   Code   RO         1262    i.Audio_MAL_Play    cs4334.o
    0x08002dcc   0x00000040   Code   RO         5219    i.Buf_back          game2.o
    0x08002e0c   0x00000058   Code   RO         4179    i.Buf_icon          gdgui.o
    0x08002e64   0x00000002   Code   RO          231    i.BusFault_Handler  stm32f4xx_it.o
    0x08002e66   0x00000002   PAD
    0x08002e68   0x00000090   Code   RO          576    i.COM1Init          usart.o
    0x08002ef8   0x00000088   Code   RO          369    i.CSPin_init        spi.o
    0x08002f80   0x000001d0   Code   RO         1367    i.Cam_Init          ov7670.o
    0x08003150   0x00000038   Code   RO         1368    i.Cam_Start         ov7670.o
    0x08003188   0x00000044   Code   RO         4180    i.Ch_BTcolor        gdgui.o
    0x080031cc   0x0000004c   Code   RO         4181    i.Change_bkpoint    gdgui.o
    0x08003218   0x00000098   Code   RO         4961    i.Change_buf        ebook.o
    0x080032b0   0x00000158   Code   RO         5265    i.Check_hole        game1.o
    0x08003408   0x00000190   Code   RO         4182    i.Click_ico         gdgui.o
    0x08003598   0x000000ec   Code   RO          872    i.CmdResp1Error     sdio_sd.o
    0x08003684   0x00000034   Code   RO          873    i.CmdResp2Error     sdio_sd.o
    0x080036b8   0x00000070   Code   RO          874    i.CmdResp6Error     sdio_sd.o
    0x08003728   0x00000016   Code   RO         4692    i.Color_M565        gui_gif.o
    0x0800373e   0x00000002   PAD
    0x08003740   0x00000130   Code   RO         5021    i.Convert_pic       album.o
    0x08003870   0x0000006c   Code   RO         4183    i.Copy_ico          gdgui.o
    0x080038dc   0x0000001a   Code   RO         3851    i.Cut_path          fsearch.o
    0x080038f6   0x00000002   PAD
    0x080038f8   0x0000001c   Code   RO         3752    i.DCMI_CaptureCmd   stm32f4xx_dcmi.o
    0x08003914   0x0000000c   Code   RO         3754    i.DCMI_ClearITPendingBit  stm32f4xx_dcmi.o
    0x08003920   0x0000001c   Code   RO         3755    i.DCMI_Cmd          stm32f4xx_dcmi.o
    0x0800393c   0x0000001c   Code   RO         3756    i.DCMI_DeInit       stm32f4xx_dcmi.o
    0x08003958   0x00000014   Code   RO         3758    i.DCMI_GetITStatus  stm32f4xx_dcmi.o
    0x0800396c   0x00000054   Code   RO          232    i.DCMI_IRQHandler   stm32f4xx_it.o
    0x080039c0   0x0000001c   Code   RO         3759    i.DCMI_ITConfig     stm32f4xx_dcmi.o
    0x080039dc   0x0000003c   Code   RO         3760    i.DCMI_Init         stm32f4xx_dcmi.o
    0x08003a18   0x00000028   Code   RO         1369    i.DCMI_NVIC_Config  ov7670.o
    0x08003a40   0x000000a8   Code   RO         1263    i.DMA1_Stream4_IRQHandler  cs4334.o
    0x08003ae8   0x00000004   Code   RO          233    i.DMA2_Stream3_IRQHandler  stm32f4xx_it.o
    0x08003aec   0x0000002c   Code   RO         3194    i.DMA_ClearFlag     stm32f4xx_dma.o
    0x08003b18   0x00000014   Code   RO         3196    i.DMA_Cmd           stm32f4xx_dma.o
    0x08003b2c   0x00000124   Code   RO         3197    i.DMA_DeInit        stm32f4xx_dma.o
    0x08003c50   0x00000014   Code   RO         3200    i.DMA_FlowControllerConfig  stm32f4xx_dma.o
    0x08003c64   0x0000000e   Code   RO         3201    i.DMA_GetCmdStatus  stm32f4xx_dma.o
    0x08003c72   0x00000002   PAD
    0x08003c74   0x00000034   Code   RO         3205    i.DMA_GetFlagStatus  stm32f4xx_dma.o
    0x08003ca8   0x0000002c   Code   RO         3207    i.DMA_ITConfig      stm32f4xx_dma.o
    0x08003cd4   0x00000054   Code   RO         3208    i.DMA_Init          stm32f4xx_dma.o
    0x08003d28   0x00000002   Code   RO          234    i.DebugMon_Handler  stm32f4xx_it.o
    0x08003d2a   0x00000052   Code   RO         4184    i.Del_Dialog        gdgui.o
    0x08003d7c   0x000000e4   Code   RO         4185    i.Dialog_box        gdgui.o
    0x08003e60   0x00000060   Code   RO         4186    i.Dip_guibuf        gdgui.o
    0x08003ec0   0x000000dc   Code   RO         4187    i.Draw_BGDline      gdgui.o
    0x08003f9c   0x0000004c   Code   RO          611    i.Draw_Bigpiont     lcd.o
    0x08003fe8   0x000000b8   Code   RO         5022    i.Draw_Lpic         album.o
    0x080040a0   0x00000090   Code   RO         5023    i.Draw_Mpic         album.o
    0x08004130   0x00000180   Code   RO         4188    i.Draw_RRect        gdgui.o
    0x080042b0   0x00000054   Code   RO         5024    i.Draw_Spic         album.o
    0x08004304   0x000000d8   Code   RO         4189    i.Draw_bmp          gdgui.o
    0x080043dc   0x00000048   Code   RO         4190    i.Draw_buff         gdgui.o
    0x08004424   0x00000148   Code   RO         4191    i.Draw_busy         gdgui.o
    0x0800456c   0x00000052   Code   RO         4817    i.Draw_column       music.o
    0x080045be   0x00000002   PAD
    0x080045c0   0x00000088   Code   RO         4192    i.Draw_icon         gdgui.o
    0x08004648   0x00000128   Code   RO         4193    i.Draw_lock         gdgui.o
    0x08004770   0x000000b8   Code   RO         4194    i.Draw_menbuf       gdgui.o
    0x08004828   0x00000084   Code   RO         4195    i.Draw_mono         gdgui.o
    0x080048ac   0x00000094   Code   RO         4196    i.Draw_pagepointer  gdgui.o
    0x08004940   0x00000090   Code   RO         5266    i.Draw_pattern      game1.o
    0x080049d0   0x000000c8   Code   RO         4818    i.Draw_prg          music.o
    0x08004a98   0x00000160   Code   RO         4197    i.Draw_scroll       gdgui.o
    0x08004bf8   0x00000034   Code   RO         4198    i.Dyna_bground      gdgui.o
    0x08004c2c   0x0000007c   Code   RO         4199    i.Dyna_clear        gdgui.o
    0x08004ca8   0x00000066   Code   RO         4200    i.EICO_slipback     gdgui.o
    0x08004d0e   0x00000002   PAD
    0x08004d10   0x0000004c   Code   RO          235    i.EXTI15_10_IRQHandler  stm32f4xx_it.o
    0x08004d5c   0x00000018   Code   RO          236    i.EXTI9_5_IRQHandler  stm32f4xx_it.o
    0x08004d74   0x0000000c   Code   RO         2433    i.EXTI_ClearITPendingBit  stm32f4xx_exti.o
    0x08004d80   0x00000020   Code   RO         2437    i.EXTI_GetITStatus  stm32f4xx_exti.o
    0x08004da0   0x00000074   Code   RO         2438    i.EXTI_Init         stm32f4xx_exti.o
    0x08004e14   0x00000050   Code   RO         4819    i.FFT_init          music.o
    0x08004e64   0x00000044   Code   RO          370    i.FLASH_SPI_Init    spi.o
    0x08004ea8   0x00000020   Code   RO         2731    i.FSMC_NORSRAMCmd   stm32f4xx_fsmc.o
    0x08004ec8   0x000000c0   Code   RO         2733    i.FSMC_NORSRAMInit  stm32f4xx_fsmc.o
    0x08004f88   0x0000017c   Code   RO         5164    i.File_list         fmanager.o
    0x08005104   0x000000c4   Code   RO         3852    i.File_search       fsearch.o
    0x080051c8   0x000000c4   Code   RO          613    i.Fill_Circle       lcd.o
    0x0800528c   0x000000c0   Code   RO         5025    i.Fill_Mpic         album.o
    0x0800534c   0x00000050   Code   RO         5026    i.Fill_Spic         album.o
    0x0800539c   0x0000008c   Code   RO         4201    i.Fill_back         gdgui.o
    0x08005428   0x00000048   Code   RO         4202    i.Fill_buff         gdgui.o
    0x08005470   0x00000170   Code   RO         4962    i.Fill_paper        ebook.o
    0x080055e0   0x00000134   Code   RO          875    i.FindSCR           sdio_sd.o
    0x08005714   0x00000002   Code   RO         5027    i.Finish_album      album.o
    0x08005716   0x00000002   PAD
    0x08005718   0x00000018   Code   RO         5136    i.Finish_camera     camera.o
    0x08005730   0x00000030   Code   RO         4963    i.Finish_ebook      ebook.o
    0x08005760   0x00000002   Code   RO         5165    i.Finish_fmanager   fmanager.o
    0x08005762   0x00000002   PAD
    0x08005764   0x0000002c   Code   RO         5267    i.Finish_game1      game1.o
    0x08005790   0x00000002   Code   RO         5220    i.Finish_game2      game2.o
    0x08005792   0x00000002   PAD
    0x08005794   0x00000044   Code   RO         4820    i.Finish_music      music.o
    0x080057d8   0x00000078   Code   RO         1111    i.FlashPageRead     at45db.o
    0x08005850   0x00000098   Code   RO         1112    i.FlashPageWrite    at45db.o
    0x080058e8   0x00000038   Code   RO         1114    i.FlashWaitBusy     at45db.o
    0x08005920   0x00000074   Code   RO         4203    i.GDGUI_start       gdgui.o
    0x08005994   0x0000007c   Code   RO         1796    i.GPIO_Init         stm32f4xx_gpio.o
    0x08005a10   0x00000020   Code   RO         1797    i.GPIO_PinAFConfig  stm32f4xx_gpio.o
    0x08005a30   0x00000004   Code   RO         1803    i.GPIO_ResetBits    stm32f4xx_gpio.o
    0x08005a34   0x00000004   Code   RO         1804    i.GPIO_SetBits      stm32f4xx_gpio.o
    0x08005a38   0x0000002a   Code   RO         4204    i.Get_FontAdr       gdgui.o
    0x08005a62   0x00000002   PAD
    0x08005a64   0x00000020   Code   RO          460    i.Get_Key           key.o
    0x08005a84   0x00000020   Code   RO         1217    i.Get_MMAval        mma7455.o
    0x08005aa4   0x00000040   Code   RO         4205    i.Get_bkpoint       gdgui.o
    0x08005ae4   0x0000001a   Code   RO         3853    i.Get_suff          fsearch.o
    0x08005afe   0x00000002   PAD
    0x08005b00   0x00000060   Code   RO         3854    i.Get_type          fsearch.o
    0x08005b60   0x00000002   Code   RO          237    i.HardFault_Handler  stm32f4xx_it.o
    0x08005b62   0x00000002   PAD
    0x08005b64   0x00000178   Code   RO         4206    i.Home_page         gdgui.o
    0x08005cdc   0x00000014   Code   RO         2844    i.I2S_Cmd           stm32f4xx_spi.o
    0x08005cf0   0x00000088   Code   RO         1264    i.I2S_GPIO_Init     cs4334.o
    0x08005d78   0x000000c0   Code   RO         2846    i.I2S_Init          stm32f4xx_spi.o
    0x08005e38   0x000000a4   Code   RO         4207    i.ICO_Select        gdgui.o
    0x08005edc   0x000000b4   Code   RO         4821    i.Info_board        music.o
    0x08005f90   0x00000028   Code   RO          462    i.Key_Init          key.o
    0x08005fb8   0x0000007c   Code   RO          614    i.LCD_Char          lcd.o
    0x08006034   0x0000000c   Code   RO          615    i.LCD_Charmd        lcd.o
    0x08006040   0x0000002c   Code   RO          617    i.LCD_Clear         lcd.o
    0x0800606c   0x00000018   Code   RO          618    i.LCD_Cursor        lcd.o
    0x08006084   0x00000048   Code   RO          621    i.LCD_Dispmd        lcd.o
    0x080060cc   0x0000006a   Code   RO          622    i.LCD_FSMCConf      lcd.o
    0x08006136   0x00000002   PAD
    0x08006138   0x0000004c   Code   RO          623    i.LCD_Fill          lcd.o
    0x08006184   0x00000022   Code   RO          625    i.LCD_GetPoint      lcd.o
    0x080061a6   0x00000002   PAD
    0x080061a8   0x00000028   Code   RO         4693    i.LCD_GetpPalConvTable  gui_gif.o
    0x080061d0   0x00000028   Code   RO          626    i.LCD_HLine         lcd.o
    0x080061f8   0x00000888   Code   RO          627    i.LCD_Init          lcd.o
    0x08006a80   0x00000092   Code   RO          628    i.LCD_Line          lcd.o
    0x08006b12   0x00000002   PAD
    0x08006b14   0x00000128   Code   RO          629    i.LCD_LineConf      lcd.o
    0x08006c3c   0x00000078   Code   RO          630    i.LCD_Num           lcd.o
    0x08006cb4   0x00000014   Code   RO          631    i.LCD_ReadRAM       lcd.o
    0x08006cc8   0x00000010   Code   RO          632    i.LCD_ReadReg       lcd.o
    0x08006cd8   0x0000001c   Code   RO          634    i.LCD_SetPoint      lcd.o
    0x08006cf4   0x0000002a   Code   RO          637    i.LCD_Window        lcd.o
    0x08006d1e   0x00000002   PAD
    0x08006d20   0x00000010   Code   RO          639    i.LCD_WriteReg      lcd.o
    0x08006d30   0x00000030   Code   RO         4208    i.LCK_Slipback      gdgui.o
    0x08006d60   0x00000018   Code   RO          420    i.LEDOff            led.o
    0x08006d78   0x00000018   Code   RO          421    i.LEDOn             led.o
    0x08006d90   0x0000001c   Code   RO          422    i.LEDTog            led.o
    0x08006dac   0x0000005c   Code   RO          423    i.LED_Init          led.o
    0x08006e08   0x00000078   Code   RO         4209    i.Load_bground      gdgui.o
    0x08006e80   0x000000a4   Code   RO         4211    i.Load_icon         gdgui.o
    0x08006f24   0x000000b4   Code   RO         4212    i.Load_lock         gdgui.o
    0x08006fd8   0x00000074   Code   RO         4213    i.Load_lockpage     gdgui.o
    0x0800704c   0x00000010   Code   RO         4214    i.Load_param        gdgui.o
    0x0800705c   0x00000088   Code   RO         4215    i.Load_type         gdgui.o
    0x080070e4   0x000000c6   Code   RO         4216    i.MICO_slipback     gdgui.o
    0x080071aa   0x00000002   PAD
    0x080071ac   0x00000044   Code   RO         1218    i.MMA_Init          mma7455.o
    0x080071f0   0x00000034   Code   RO         1219    i.MMA_Read          mma7455.o
    0x08007224   0x00000048   Code   RO          371    i.MMA_SPI_Init      spi.o
    0x0800726c   0x0000003c   Code   RO         1220    i.MMA_Write         mma7455.o
    0x080072a8   0x00000002   Code   RO          238    i.MemManage_Handler  stm32f4xx_it.o
    0x080072aa   0x00000002   PAD
    0x080072ac   0x00000148   Code   RO         4217    i.Move_ICO          gdgui.o
    0x080073f4   0x00000210   Code   RO         5028    i.Move_Spic         album.o
    0x08007604   0x00000180   Code   RO         5166    i.Move_file         fmanager.o
    0x08007784   0x00000020   Code   RO         4822    i.Mp3play           music.o
    0x080077a4   0x00000060   Code   RO         5029    i.Mpic_rotaback     album.o
    0x08007804   0x00000074   Code   RO         4823    i.Musicplay         music.o
    0x08007878   0x00000064   Code   RO         1174    i.MyRTC_Init        rtc.o
    0x080078dc   0x00000024   Code   RO         4824    i.My_FFT            music.o
    0x08007900   0x0000000c   Code   RO         3855    i.My_chdir          fsearch.o
    0x0800790c   0x00000002   Code   RO          239    i.NMI_Handler       stm32f4xx_it.o
    0x0800790e   0x00000038   Code   RO          877    i.NVIC_Configuration  sdio_sd.o
    0x08007946   0x00000002   PAD
    0x08007948   0x00000064   Code   RO         1479    i.NVIC_Init         misc.o
    0x080079ac   0x00000014   Code   RO         1480    i.NVIC_PriorityGroupConfig  misc.o
    0x080079c0   0x0000003c   Code   RO         1371    i.OV7670_Init       ov7670.o
    0x080079fc   0x00000008   Code   RO         1374    i.OV_Reset          ov7670.o
    0x08007a04   0x0000004e   Code   RO         1375    i.OV_WriteReg       ov7670.o
    0x08007a52   0x00000002   PAD
    0x08007a54   0x00000074   Code   RO          540    i.PWM_Init          timer.o
    0x08007ac8   0x0000000c   Code   RO         3318    i.PWR_BackupAccessCmd  stm32f4xx_pwr.o
    0x08007ad4   0x00000002   Code   RO          240    i.PendSV_Handler    stm32f4xx_it.o
    0x08007ad6   0x00000002   PAD
    0x08007ad8   0x00000154   Code   RO         4825    i.Play_ctrl         music.o
    0x08007c2c   0x00000040   Code   RO         4826    i.Play_next         music.o
    0x08007c6c   0x0000003c   Code   RO         4827    i.Play_prev         music.o
    0x08007ca8   0x00000048   Code   RO         5221    i.Play_sound        game2.o
    0x08007cf0   0x000002c0   Code   RO         4828    i.Play_view         music.o
    0x08007fb0   0x00000098   Code   RO         4218    i.Prt_Screen        gdgui.o
    0x08008048   0x00000018   Code   RO         1519    i.RCC_AHB1PeriphClockCmd  stm32f4xx_rcc.o
    0x08008060   0x00000018   Code   RO         1522    i.RCC_AHB2PeriphClockCmd  stm32f4xx_rcc.o
    0x08008078   0x00000018   Code   RO         1525    i.RCC_AHB3PeriphClockCmd  stm32f4xx_rcc.o
    0x08008090   0x00000018   Code   RO         1528    i.RCC_APB1PeriphClockCmd  stm32f4xx_rcc.o
    0x080080a8   0x00000018   Code   RO         1530    i.RCC_APB1PeriphResetCmd  stm32f4xx_rcc.o
    0x080080c0   0x00000018   Code   RO         1531    i.RCC_APB2PeriphClockCmd  stm32f4xx_rcc.o
    0x080080d8   0x00000018   Code   RO         1533    i.RCC_APB2PeriphResetCmd  stm32f4xx_rcc.o
    0x080080f0   0x00000098   Code   RO         1540    i.RCC_GetClocksFreq  stm32f4xx_rcc.o
    0x08008188   0x00000034   Code   RO         1541    i.RCC_GetFlagStatus  stm32f4xx_rcc.o
    0x080081bc   0x0000001c   Code   RO         1549    i.RCC_LSEConfig     stm32f4xx_rcc.o
    0x080081d8   0x00000014   Code   RO         1552    i.RCC_MCO2Config    stm32f4xx_rcc.o
    0x080081ec   0x0000000c   Code   RO         1559    i.RCC_RTCCLKCmd     stm32f4xx_rcc.o
    0x080081f8   0x00000030   Code   RO         1560    i.RCC_RTCCLKConfig  stm32f4xx_rcc.o
    0x08008228   0x0000004c   Code   RO         3400    i.RTC_AlarmCmd      stm32f4xx_rtc.o
    0x08008274   0x00000012   Code   RO         3403    i.RTC_Bcd2ToByte    stm32f4xx_rtc.o
    0x08008286   0x00000018   Code   RO         3405    i.RTC_ByteToBcd2    stm32f4xx_rtc.o
    0x0800829e   0x00000002   PAD
    0x080082a0   0x0000001c   Code   RO         3408    i.RTC_ClearFlag     stm32f4xx_rtc.o
    0x080082bc   0x00000044   Code   RO         1176    i.RTC_Config        rtc.o
    0x08008300   0x00000034   Code   RO         3415    i.RTC_EnterInitMode  stm32f4xx_rtc.o
    0x08008334   0x00000010   Code   RO         3416    i.RTC_ExitInitMode  stm32f4xx_rtc.o
    0x08008344   0x0000004c   Code   RO         3424    i.RTC_GetTime       stm32f4xx_rtc.o
    0x08008390   0x00000040   Code   RO         3428    i.RTC_ITConfig      stm32f4xx_rtc.o
    0x080083d0   0x00000050   Code   RO         3429    i.RTC_Init          stm32f4xx_rtc.o
    0x08008420   0x0000000c   Code   RO         3432    i.RTC_ReadBackupRegister  stm32f4xx_rtc.o
    0x0800842c   0x000000a4   Code   RO         3434    i.RTC_SetAlarm      stm32f4xx_rtc.o
    0x080084d0   0x00000098   Code   RO         3436    i.RTC_SetTime       stm32f4xx_rtc.o
    0x08008568   0x00000078   Code   RO         1177    i.RTC_TimeRegulate  rtc.o
    0x080085e0   0x00000050   Code   RO         1178    i.RTC_TimeShow      rtc.o
    0x08008630   0x00000044   Code   RO         3452    i.RTC_WaitForSynchro  stm32f4xx_rtc.o
    0x08008674   0x0000000c   Code   RO         3455    i.RTC_WriteBackupRegister  stm32f4xx_rtc.o
    0x08008680   0x0000002e   Code   RO         4829    i.ReadUnit          music.o
    0x080086ae   0x00000002   PAD
    0x080086b0   0x00000054   Code   RO          823    i.Read_X            touch.o
    0x08008704   0x00000062   Code   RO          824    i.Read_XY           touch.o
    0x08008766   0x00000002   PAD
    0x08008768   0x00000054   Code   RO          825    i.Read_Y            touch.o
    0x080087bc   0x00000084   Code   RO         5030    i.RecallUI          album.o
    0x08008840   0x00000040   Code   RO         5222    i.Redraw_back       game2.o
    0x08008880   0x000000f8   Code   RO         5031    i.Rotation          album.o
    0x08008978   0x00000034   Code   RO         1376    i.SCCB_Init         ov7670.o
    0x080089ac   0x00000028   Code   RO         1378    i.SCCB_SID_IN       ov7670.o
    0x080089d4   0x0000002c   Code   RO         1379    i.SCCB_SID_OUT      ov7670.o
    0x08008a00   0x00000030   Code   RO         1380    i.SCCB_Start        ov7670.o
    0x08008a30   0x00000028   Code   RO         1381    i.SCCB_Stop         ov7670.o
    0x08008a58   0x00000078   Code   RO         1382    i.SCCB_Write        ov7670.o
    0x08008ad0   0x000000c4   Code   RO          878    i.SDEnWideBus       sdio_sd.o
    0x08008b94   0x0000000c   Code   RO         3005    i.SDIO_ClearFlag    stm32f4xx_sdio.o
    0x08008ba0   0x0000000c   Code   RO         3006    i.SDIO_ClearITPendingBit  stm32f4xx_sdio.o
    0x08008bac   0x0000000c   Code   RO         3007    i.SDIO_ClockCmd     stm32f4xx_sdio.o
    0x08008bb8   0x0000000c   Code   RO         3010    i.SDIO_DMACmd       stm32f4xx_sdio.o
    0x08008bc4   0x00000030   Code   RO         3011    i.SDIO_DataConfig   stm32f4xx_sdio.o
    0x08008bf4   0x00000018   Code   RO         3013    i.SDIO_DeInit       stm32f4xx_sdio.o
    0x08008c0c   0x0000000c   Code   RO         3014    i.SDIO_GetCommandResponse  stm32f4xx_sdio.o
    0x08008c18   0x00000014   Code   RO         3017    i.SDIO_GetFlagStatus  stm32f4xx_sdio.o
    0x08008c2c   0x00000014   Code   RO         3018    i.SDIO_GetITStatus  stm32f4xx_sdio.o
    0x08008c40   0x00000010   Code   RO         3019    i.SDIO_GetPowerState  stm32f4xx_sdio.o
    0x08008c50   0x0000000c   Code   RO         3020    i.SDIO_GetResponse  stm32f4xx_sdio.o
    0x08008c5c   0x00000004   Code   RO          241    i.SDIO_IRQHandler   stm32f4xx_it.o
    0x08008c60   0x00000018   Code   RO         3021    i.SDIO_ITConfig     stm32f4xx_sdio.o
    0x08008c78   0x0000002c   Code   RO         3022    i.SDIO_Init         stm32f4xx_sdio.o
    0x08008ca4   0x0000000c   Code   RO         3023    i.SDIO_ReadData     stm32f4xx_sdio.o
    0x08008cb0   0x00000028   Code   RO         3025    i.SDIO_SendCommand  stm32f4xx_sdio.o
    0x08008cd8   0x0000000c   Code   RO         3027    i.SDIO_SetPowerState  stm32f4xx_sdio.o
    0x08008ce4   0x00000074   Code   RO          881    i.SD_EnableWideBusOperation  sdio_sd.o
    0x08008d58   0x00000268   Code   RO          884    i.SD_GetCardInfo    sdio_sd.o
    0x08008fc0   0x0000001a   Code   RO          886    i.SD_GetState       sdio_sd.o
    0x08008fda   0x0000001a   Code   RO          887    i.SD_GetStatus      sdio_sd.o
    0x08008ff4   0x00000064   Code   RO          889    i.SD_Init           sdio_sd.o
    0x08009058   0x00000100   Code   RO          890    i.SD_InitializeCards  sdio_sd.o
    0x08009158   0x00000088   Code   RO          892    i.SD_LowLevel_DMA_TxConfig  sdio_sd.o
    0x080091e0   0x000000a4   Code   RO          894    i.SD_LowLevel_Init  sdio_sd.o
    0x08009284   0x000001bc   Code   RO          896    i.SD_PowerON        sdio_sd.o
    0x08009440   0x00000028   Code   RO          897    i.SD_ProcessDMAIRQ  sdio_sd.o
    0x08009468   0x00000090   Code   RO          898    i.SD_ProcessIRQSrc  sdio_sd.o
    0x080094f8   0x00000140   Code   RO          899    i.SD_ReadBlock      sdio_sd.o
    0x08009638   0x00000184   Code   RO          900    i.SD_ReadMultiBlocks  sdio_sd.o
    0x080097bc   0x0000002c   Code   RO          901    i.SD_SelectDeselect  sdio_sd.o
    0x080097e8   0x00000048   Code   RO          903    i.SD_SendStatus     sdio_sd.o
    0x08009830   0x00000028   Code   RO          904    i.SD_StopTransfer   sdio_sd.o
    0x08009858   0x00000064   Code   RO          906    i.SD_WaitWriteOperation  sdio_sd.o
    0x080098bc   0x000000ac   Code   RO          907    i.SD_WriteBlock     sdio_sd.o
    0x08009968   0x00000104   Code   RO          908    i.SD_WriteMultiBlocks  sdio_sd.o
    0x08009a6c   0x00000058   Code   RO          372    i.SPI1_Init         spi.o
    0x08009ac4   0x0000001c   Code   RO          373    i.SPI1_RWByte       spi.o
    0x08009ae0   0x00000014   Code   RO         2850    i.SPI_Cmd           stm32f4xx_spi.o
    0x08009af4   0x00000012   Code   RO         1115    i.SPI_Flash_Init    at45db.o
    0x08009b06   0x00000002   PAD
    0x08009b08   0x00000064   Code   RO         1116    i.SPI_Flash_Read    at45db.o
    0x08009b6c   0x00000010   Code   RO         2856    i.SPI_I2S_DMACmd    stm32f4xx_spi.o
    0x08009b7c   0x00000054   Code   RO         2857    i.SPI_I2S_DeInit    stm32f4xx_spi.o
    0x08009bd0   0x00000038   Code   RO         2863    i.SPI_Init          stm32f4xx_spi.o
    0x08009c08   0x0000001e   Code   RO         1221    i.SPI_MMA_Cal       mma7455.o
    0x08009c26   0x00000002   Code   RO          242    i.SVC_Handler       stm32f4xx_it.o
    0x08009c28   0x00000028   Code   RO         2493    i.SYSCFG_EXTILineConfig  stm32f4xx_syscfg.o
    0x08009c50   0x00000078   Code   RO         4219    i.Save_mono         gdgui.o
    0x08009cc8   0x00000010   Code   RO         4220    i.Save_param        gdgui.o
    0x08009cd8   0x000000b8   Code   RO         4221    i.Save_pic          gdgui.o
    0x08009d90   0x00000044   Code   RO         4222    i.Scroll_back       gdgui.o
    0x08009dd4   0x00000180   Code   RO         4223    i.Scroll_ctrl       gdgui.o
    0x08009f54   0x000000ac   Code   RO         4224    i.Select_app        gdgui.o
    0x0800a000   0x00000058   Code   RO         5167    i.Select_file       fmanager.o
    0x0800a058   0x000000c0   Code   RO          335    i.SetSysClock       system_stm32f4xx.o
    0x0800a118   0x00000064   Code   RO          463    i.Set_Keyint        key.o
    0x0800a17c   0x0000005c   Code   RO         5032    i.Set_Spic          album.o
    0x0800a1d8   0x00000084   Code   RO         5268    i.Set_ball          game1.o
    0x0800a25c   0x0000003c   Code   RO         4225    i.Set_bkpoint       gdgui.o
    0x0800a298   0x00000110   Code   RO         4226    i.Set_eico          gdgui.o
    0x0800a3a8   0x00000182   Code   RO         4227    i.Set_mico          gdgui.o
    0x0800a52a   0x00000002   PAD
    0x0800a52c   0x000000f4   Code   RO         4228    i.Set_scroll        gdgui.o
    0x0800a620   0x00000058   Code   RO         4694    i.ShowGif           gui_gif.o
    0x0800a678   0x00000064   Code   RO         4229    i.Show_Fonts        gdgui.o
    0x0800a6dc   0x0000008c   Code   RO         4230    i.Show_Hanzi        gdgui.o
    0x0800a768   0x0000003c   Code   RO         4964    i.Show_Vfonts       ebook.o
    0x0800a7a4   0x00000032   Code   RO         5168    i.Show_path         fmanager.o
    0x0800a7d6   0x0000007a   Code   RO         4830    i.Show_time         music.o
    0x0800a850   0x00000098   Code   RO         4231    i.Slip_eico         gdgui.o
    0x0800a8e8   0x0000006c   Code   RO         4232    i.Slip_mico         gdgui.o
    0x0800a954   0x000000dc   Code   RO         4965    i.Slip_paper        ebook.o
    0x0800aa30   0x00000084   Code   RO         4233    i.Spec_WINLine      gdgui.o
    0x0800aab4   0x0000005c   Code   RO         5033    i.Spic_slipback     album.o
    0x0800ab10   0x00000058   Code   RO         5169    i.Stick_Flist       fmanager.o
    0x0800ab68   0x00000058   Code   RO         4831    i.Stick_Mlist       music.o
    0x0800abc0   0x00000088   Code   RO         4966    i.Stick_paper       ebook.o
    0x0800ac48   0x000000a8   Code   RO         4832    i.Stick_view        music.o
    0x0800acf0   0x0000002c   Code   RO          501    i.SysTick_Config    delay.o
    0x0800ad1c   0x00000010   Code   RO          243    i.SysTick_Handler   stm32f4xx_it.o
    0x0800ad2c   0x0000005c   Code   RO          337    i.SystemInit        system_stm32f4xx.o
    0x0800ad88   0x00000038   Code   RO          244    i.TIM2_IRQHandler   stm32f4xx_it.o
    0x0800adc0   0x00000064   Code   RO          542    i.TIM2_Init         timer.o
    0x0800ae24   0x00000048   Code   RO          543    i.TIM3_Init         timer.o
    0x0800ae6c   0x00000014   Code   RO         1891    i.TIM_ARRPreloadConfig  stm32f4xx_tim.o
    0x0800ae80   0x00000006   Code   RO         1898    i.TIM_ClearITPendingBit  stm32f4xx_tim.o
    0x0800ae86   0x00000014   Code   RO         1903    i.TIM_Cmd           stm32f4xx_tim.o
    0x0800ae9a   0x00000016   Code   RO         1924    i.TIM_GetITStatus   stm32f4xx_tim.o
    0x0800aeb0   0x00000010   Code   RO         1928    i.TIM_ITConfig      stm32f4xx_tim.o
    0x0800aec0   0x0000007c   Code   RO         1937    i.TIM_OC2Init       stm32f4xx_tim.o
    0x0800af3c   0x0000000e   Code   RO         1940    i.TIM_OC2PreloadConfig  stm32f4xx_tim.o
    0x0800af4a   0x00000006   Code   RO         1952    i.TIM_PrescalerConfig  stm32f4xx_tim.o
    0x0800af50   0x00000080   Code   RO         1975    i.TIM_TimeBaseInit  stm32f4xx_tim.o
    0x0800afd0   0x0000007c   Code   RO          826    i.Touch_Init        touch.o
    0x0800b04c   0x00000082   Code   RO          641    i.TransPoint        lcd.o
    0x0800b0ce   0x0000002a   Code   RO         4235    i.Trans_HLine       gdgui.o
    0x0800b0f8   0x00000052   Code   RO         4236    i.Trans_SFill       gdgui.o
    0x0800b14a   0x00000002   PAD
    0x0800b14c   0x000000ea   Code   RO         4238    i.Trans_WINCircle   gdgui.o
    0x0800b236   0x0000002a   Code   RO         4239    i.Trans_WINLine     gdgui.o
    0x0800b260   0x00000094   Code   RO         4240    i.Trans_WinPoint    gdgui.o
    0x0800b2f4   0x00000094   Code   RO         4241    i.Trans_WinPoint2   gdgui.o
    0x0800b388   0x000000dc   Code   RO         4242    i.Trans_bground     gdgui.o
    0x0800b464   0x00000006   Code   RO         2536    i.USART_ClearFlag   stm32f4xx_usart.o
    0x0800b46a   0x00000014   Code   RO         2540    i.USART_Cmd         stm32f4xx_usart.o
    0x0800b47e   0x00000002   PAD
    0x0800b480   0x000000b8   Code   RO         2547    i.USART_Init        stm32f4xx_usart.o
    0x0800b538   0x00000070   Code   RO         4244    i.UpdateFont        gdgui.o
    0x0800b5a8   0x000003a0   Code   RO         4245    i.Update_patterns   gdgui.o
    0x0800b948   0x00000002   Code   RO          245    i.UsageFault_Handler  stm32f4xx_it.o
    0x0800b94a   0x00000002   PAD
    0x0800b94c   0x000000e2   Code   RO         4246    i.WIN_TCircle       gdgui.o
    0x0800ba2e   0x00000002   PAD
    0x0800ba30   0x00000168   Code   RO         4833    i.WaveParsing       music.o
    0x0800bb98   0x000000b0   Code   RO         4834    i.Wavplay           music.o
    0x0800bc48   0x0000007c   Code   RO         4247    i.Win_Char          gdgui.o
    0x0800bcc4   0x00000038   Code   RO         4248    i.Win_Fill          gdgui.o
    0x0800bcfc   0x00000070   Code   RO         4249    i.Win_Fonts         gdgui.o
    0x0800bd6c   0x00000024   Code   RO         4250    i.Win_Getpoint      gdgui.o
    0x0800bd90   0x0000002a   Code   RO         4251    i.Win_HTLine        gdgui.o
    0x0800bdba   0x00000002   PAD
    0x0800bdbc   0x0000005e   Code   RO         4252    i.Win_Hanzi         gdgui.o
    0x0800be1a   0x00000002   PAD
    0x0800be1c   0x00000078   Code   RO         4253    i.Win_Num           gdgui.o
    0x0800be94   0x00000052   Code   RO         4254    i.Win_SFill         gdgui.o
    0x0800bee6   0x00000002   PAD
    0x0800bee8   0x00000024   Code   RO         4255    i.Win_SetPoint      gdgui.o
    0x0800bf0c   0x00000094   Code   RO         4256    i.Win_TransPoint    gdgui.o
    0x0800bfa0   0x0000002a   Code   RO         4257    i.Win_VTLine        gdgui.o
    0x0800bfca   0x0000003a   Code   RO         4258    i.WriteBMPInfo      gdgui.o
    0x0800c004   0x00000034   Code   RO         4259    i.WriteHeader       gdgui.o
    0x0800c038   0x00000138   Code   RO         5034    i.Zoom_Mpic         album.o
    0x0800c170   0x00000048   Code   RO         5035    i.Zoomback          album.o
    0x0800c1b8   0x000000dc   Code   RO         4695    i._ClearUnusedPixels  gui_gif.o
    0x0800c294   0x000001a4   Code   RO         4696    i._DispGIFImage     gui_gif.o
    0x0800c438   0x00000102   Code   RO         4697    i._DrawGIFImage     gui_gif.o
    0x0800c53a   0x00000002   PAD
    0x0800c53c   0x00000028   Code   RO         4698    i._GetDataBlock     gui_gif.o
    0x0800c564   0x0000007a   Code   RO         4699    i._GetGIFInfo       gui_gif.o
    0x0800c5de   0x00000002   PAD
    0x0800c5e0   0x00000074   Code   RO         4700    i._GetGlobalColorTable  gui_gif.o
    0x0800c654   0x0000002c   Code   RO         4701    i._GetImageDimension  gui_gif.o
    0x0800c680   0x000000a0   Code   RO         4702    i._GetImageInfo     gui_gif.o
    0x0800c720   0x00000194   Code   RO         4703    i._GetNextByte      gui_gif.o
    0x0800c8b4   0x000000c0   Code   RO         4704    i._GetNextCode      gui_gif.o
    0x0800c974   0x0000005c   Code   RO         4705    i._InitGIFDecoding  gui_gif.o
    0x0800c9d0   0x0000005c   Code   RO         4706    i._InitLZW          gui_gif.o
    0x0800ca2c   0x00000028   Code   RO         4707    i._ReadBytes        gui_gif.o
    0x0800ca54   0x00000064   Code   RO         4708    i._ReadExtension    gui_gif.o
    0x0800cab8   0x00000012   Code   RO         4709    i._ReadU16          gui_gif.o
    0x0800caca   0x00000002   PAD
    0x0800cacc   0x0000001c   Code   RO         4710    i._ReadU8           gui_gif.o
    0x0800cae8   0x0000001c   Code   RO         4711    i._SkipBytes        gui_gif.o
    0x0800cb04   0x0000000e   Code   RO         5556    i.__scatterload_copy  mc_w.l(handlers.o)
    0x0800cb12   0x00000002   Code   RO         5557    i.__scatterload_null  mc_w.l(handlers.o)
    0x0800cb14   0x0000000e   Code   RO         5558    i.__scatterload_zeroinit  mc_w.l(handlers.o)
    0x0800cb22   0x00000002   PAD
    0x0800cb24   0x0000005c   Code   RO         3953    i.check_fs          ff.o
    0x0800cb80   0x00000224   Code   RO         3954    i.chk_mounted       ff.o
    0x0800cda4   0x00000018   Code   RO         3955    i.clust2sect        ff.o
    0x0800cdbc   0x00000096   Code   RO         3956    i.create_chain      ff.o
    0x0800ce52   0x00000002   PAD
    0x0800ce54   0x0000015c   Code   RO         3957    i.create_name       ff.o
    0x0800cfb0   0x00000024   Code   RO          502    i.delay_ms          delay.o
    0x0800cfd4   0x00000020   Code   RO          503    i.delay_us          delay.o
    0x0800cff4   0x000000ee   Code   RO         3958    i.dir_next          ff.o
    0x0800d0e2   0x00000040   Code   RO         3959    i.dir_read          ff.o
    0x0800d122   0x0000005c   Code   RO         3960    i.dir_register      ff.o
    0x0800d17e   0x0000007e   Code   RO         3962    i.dir_sdi           ff.o
    0x0800d1fc   0x00000016   Code   RO         3905    i.disk_initialize   diskio.o
    0x0800d212   0x00000002   PAD
    0x0800d214   0x0000002c   Code   RO         3906    i.disk_ioctl        diskio.o
    0x0800d240   0x0000002c   Code   RO         3907    i.disk_read         diskio.o
    0x0800d26c   0x00000014   Code   RO         3908    i.disk_status       diskio.o
    0x0800d280   0x00000038   Code   RO         3909    i.disk_write        diskio.o
    0x0800d2b8   0x00000012   Code   RO         3966    i.f_close           ff.o
    0x0800d2ca   0x00000132   Code   RO         3968    i.f_lseek           ff.o
    0x0800d3fc   0x00000020   Code   RO         3970    i.f_mount           ff.o
    0x0800d41c   0x00000138   Code   RO         3971    i.f_open            ff.o
    0x0800d554   0x0000004e   Code   RO         3972    i.f_opendir         ff.o
    0x0800d5a2   0x00000150   Code   RO         3973    i.f_read            ff.o
    0x0800d6f2   0x00000050   Code   RO         3974    i.f_readdir         ff.o
    0x0800d742   0x000000a4   Code   RO         3977    i.f_sync            ff.o
    0x0800d7e6   0x0000018c   Code   RO         3981    i.f_write           ff.o
    0x0800d972   0x000000ce   Code   RO         3982    i.follow_path       ff.o
    0x0800da40   0x00000050   Code   RO         5515    i.free              mc_w.l(malloc.o)
    0x0800da90   0x000000b8   Code   RO         3983    i.get_fat           ff.o
    0x0800db48   0x00000004   Code   RO         3910    i.get_fattime       diskio.o
    0x0800db4c   0x0000006e   Code   RO         3984    i.get_fileinfo      ff.o
    0x0800dbba   0x00000002   PAD
    0x0800dbbc   0x000000b4   Code   RO           11    i.main              main.o
    0x0800dc70   0x0000006c   Code   RO         5516    i.malloc            mc_w.l(malloc.o)
    0x0800dcdc   0x00000012   Code   RO         3985    i.mem_cpy           ff.o
    0x0800dcee   0x00000002   PAD
    0x0800dcf0   0x00000038   Code   RO         1317    i.mem_init          mempool.o
    0x0800dd28   0x0000000e   Code   RO         3986    i.mem_set           ff.o
    0x0800dd36   0x0000006a   Code   RO         3987    i.move_window       ff.o
    0x0800dda0   0x00000014   Code   RO          643    i.mypow             lcd.o
    0x0800ddb4   0x000000f6   Code   RO         3988    i.put_fat           ff.o
    0x0800deaa   0x00000062   Code   RO         3989    i.remove_chain      ff.o
    0x0800df0c   0x000000b8   Code   RO         3990    i.sync              ff.o
    0x0800dfc4   0x00000020   Code   RO         3991    i.validate          ff.o
    0x0800dfe4   0x00000008   Data   RO          424    .constdata          led.o
    0x0800dfec   0x00000018   Data   RO          464    .constdata          key.o
    0x0800e004   0x000005f0   Data   RO          644    .constdata          lcd.o
    0x0800e5f4   0x0000014e   Data   RO         1384    .constdata          ov7670.o
    0x0800e742   0x00000714   Data   RO         4262    .constdata          gdgui.o
    0x0800ee56   0x00000002   PAD
    0x0800ee58   0x00000060   Data   RO         4713    .constdata          gui_gif.o
    0x0800eeb8   0x00000011   Data   RO         4836    .constdata          music.o
    0x0800eec9   0x000005f0   Data   RO         4967    .constdata          ebook.o
    0x0800f4b9   0x00000001   PAD
    0x0800f4ba   0x00000190   Data   RO         5223    .constdata          game2.o
    0x0800f64a   0x00000754   Data   RO         5269    .constdata          game1.o
    0x0800fd9e   0x00000002   PAD
    0x0800fda0   0x0000040c   Data   RO         5312    .constdata          arm_cortexM4lf_math.lib(arm_cos_f32.o)
    0x080101ac   0x0000040c   Data   RO         5355    .constdata          arm_cortexM4lf_math.lib(arm_sin_f32.o)
    0x080105b8   0x00002000   Data   RO         5389    .constdata          arm_cortexM4lf_math.lib(arm_rfft_init_q31.o)
    0x080125b8   0x00002000   Data   RO         5448    .constdata          arm_cortexM4lf_math.lib(arm_cfft_radix4_init_q31.o)
    0x080145b8   0x00000200   Data   RO         5486    .constdata          arm_cortexM4lf_math.lib(arm_common_tables.o)
    0x080147b8   0x00000100   Data   RO         5488    .constdata          arm_cortexM4lf_math.lib(arm_common_tables.o)
    0x080148b8   0x00000034   Data   RO         3857    .conststring        fsearch.o
    0x080148ec   0x00000020   Data   RO         5554    Region$$Table       anon$$obj.o


    Execution Region RW_IRAM1 (Base: 0x20000000, Size: 0x0001e7d8, Max: 0x00020000, ABSOLUTE, COMPRESSED[0x0000004c])

    Base Addr    Size         Type   Attr      Idx    E Section Name        Object

    0x20000000   0x00000014   Data   RW          338    .data               system_stm32f4xx.o
    0x20000014   0x00000008   Data   RW          375    .data               spi.o
    0x2000001c   0x00000010   Data   RW          425    .data               led.o
    0x2000002c   0x00000002   Data   RW          504    .data               delay.o
    0x2000002e   0x00000002   PAD
    0x20000030   0x0000000c   Data   RW          645    .data               lcd.o
    0x2000003c   0x00000002   Data   RW          827    .data               touch.o
    0x2000003e   0x00000002   Data   RW          828    .data               touch.o
    0x20000040   0x00000018   Data   RW          911    .data               sdio_sd.o
    0x20000058   0x0000000c   Data   RW         1180    .data               rtc.o
    0x20000064   0x0000000c   Data   RW         1266    .data               cs4334.o
    0x20000070   0x00000008   Data   RW         1323    .data               mempool.o
    0x20000078   0x00000010   Data   RW         1563    .data               stm32f4xx_rcc.o
    0x20000088   0x00000020   Data   RW         3858    .data               fsearch.o
    0x200000a8   0x00000008   Data   RW         3992    .data               ff.o
    0x200000b0   0x00000030   Data   RW         4264    .data               gdgui.o
    0x200000e0   0x0000000c   Data   RW         4714    .data               gui_gif.o
    0x200000ec   0x00000018   Data   RW         4837    .data               music.o
    0x20000104   0x00000014   Data   RW         4969    .data               ebook.o
    0x20000118   0x0000001c   Data   RW         5036    .data               album.o
    0x20000134   0x00000004   Data   RW         5137    .data               camera.o
    0x20000138   0x00000010   Data   RW         5170    .data               fmanager.o
    0x20000148   0x00000014   Data   RW         5270    .data               game1.o
    0x2000015c   0x00000004   Data   RW         5550    .data               mc_w.l(mvars.o)
    0x20000160   0x00000004   Data   RW         5551    .data               mc_w.l(mvars.o)
    0x20000164   0x00000012   Zero   RW          374    .bss                spi.o
    0x20000176   0x00000002   PAD
    0x20000178   0x00000014   Zero   RW          544    .bss                timer.o
    0x2000018c   0x000000c4   Zero   RW          910    .bss                sdio_sd.o
    0x20000250   0x00000318   Zero   RW         1118    .bss                at45db.o
    0x20000568   0x0000001c   Zero   RW         1179    .bss                rtc.o
    0x20000584   0x0000003c   Zero   RW         1265    .bss                cs4334.o
    0x200005c0   0x0000040d   Zero   RW         1322    .bss                mempool.o
    0x200009cd   0x00000003   PAD
    0x200009d0   0x000003b8   Zero   RW         3856    .bss                fsearch.o
    0x20000d88   0x00000230   Zero   RW         4261    .bss                gdgui.o
    0x20000fb8   0x000043f4   Zero   RW         4712    .bss                gui_gif.o
    0x200053ac   0x0000002c   Zero   RW         4835    .bss                music.o
    0x200053d8   0x00019000   Zero   RW            2    HEAP                startup_stm32f4xx.o
    0x2001e3d8   0x00000400   Zero   RW            1    STACK               startup_stm32f4xx.o


==============================================================================

Image component sizes


      Code (inc. data)   RO Data    RW Data    ZI Data      Debug   Object Name

      4082        418          0         28          0      25276   album.o
       446         22          0          0        792       3753   at45db.o
       200         68          0          4          0       2395   camera.o
       594         54          0         12         60       4041   cs4334.o
       112         20          0          2          0      20053   delay.o
       190         18          0          0          0       4880   diskio.o
      1632        122       1520         20          0       6699   ebook.o
      4602         42          0          8          0      26708   ff.o
      1848        192          0         16          0       6044   fmanager.o
       384         20         52         32        952       5503   fsearch.o
      1284        220       1876         20          0       5432   game1.o
       842         98        400          0          0       3705   game2.o
     12046       1000       1812         48        560      63380   gdgui.o
      2524         98         96         12      17396      18717   gui_gif.o
       172         18         24          0          0       2434   key.o
      3822         74       1520         12          0      16515   lcd.o
       168         32          8         16          0       2357   led.o
       180         24          0          0          0     327535   main.o
        56         10          0          8       1037       1727   mempool.o
       120         18          0          0          0       1615   misc.o
       242         18          0          0          0       2949   mma7455.o
      4318        270         17         24         44      27705   music.o
      1050         66        334          0          0       7770   ov7670.o
       368         30          0         12         28       2732   rtc.o
      4424        200          0         24        196      28955   sdio_sd.o
       464         52          0          8         18       3246   spi.o
        52         14        392          0     103424        808   startup_stm32f4xx.o
       204         40          0          0          0       4495   stm32f4xx_dcmi.o
       570         50          0          0          0       6847   stm32f4xx_dma.o
       160         14          0          0          0       2336   stm32f4xx_exti.o
       224          4          0          0          0       1997   stm32f4xx_fsmc.o
       164          0          0          0          0       3031   stm32f4xx_gpio.o
       280         70          0          0          0       6798   stm32f4xx_it.o
        12          6          0          0          0        562   stm32f4xx_pwr.o
       480         86          0         16          0      10215   stm32f4xx_rcc.o
       842         64          0          0          0      10571   stm32f4xx_rtc.o
       332         80          0          0          0      11154   stm32f4xx_sdio.o
       388         20          0          0          0       4804   stm32f4xx_spi.o
        40          6          0          0          0        704   stm32f4xx_syscfg.o
       356         36          0          0          0       7515   stm32f4xx_tim.o
       210         10          0          0          0       2827   stm32f4xx_usart.o
       284         42          0         20          0       1769   system_stm32f4xx.o
       288         22          0          0         20       1899   timer.o
       462         20          0          4          0       3900   touch.o
       144         10          0          0          0        659   usart.o

    ----------------------------------------------------------------------
     51744       3798       8088        348     124532     705017   Object Totals
         0          0         32          0          0          0   (incl. Generated)
        82          0          5          2          5          0   (incl. Padding)

    ----------------------------------------------------------------------

      Code (inc. data)   RO Data    RW Data    ZI Data      Debug   Library Member Name

       112         22       8192          0          0       1355   arm_cfft_radix4_init_q31.o
      2568          0          0          0          0       4698   arm_cfft_radix4_q31.o
       192          0          0          0          0        788   arm_cmplx_mag_q31.o
         0          0        768          0          0        607   arm_common_tables.o
       208         20       1036          0          0      14858   arm_cos_f32.o
       104          6       8192          0          0       1376   arm_rfft_init_q31.o
       596          0          0          0          0       2960   arm_rfft_q31.o
       204         20       1036          0          0       1250   arm_sin_f32.o
       684          6          0          0          0      12103   arm_sqrt_q31.o
        92          0          0          0          0          0   __dczerorl2.o
         0          0          0          0          0          0   entry.o
         8          4          0          0          0          0   entry2.o
         4          0          0          0          0          0   entry5.o
         0          0          0          0          0          0   entry7b.o
         8          4          0          0          0          0   entry8.o
        30          0          0          0          0          0   handlers.o
        36          8          0          0          0         68   init.o
       188         20          0          0          0        160   malloc.o
        36          0          0          0          0         68   memcpya.o
        38          0          0          0          0        108   memseta.o
         0          0          0          8          0          0   mvars.o
        28          0          0          0          0         68   strcat.o
        18          0          0          0          0         68   strcpy.o
        24          0          0          0          0         76   strncpy.o

    ----------------------------------------------------------------------
      5180        110      19224          8          0      40611   Library Totals
         2          0          0          0          0          0   (incl. Padding)

    ----------------------------------------------------------------------

      Code (inc. data)   RO Data    RW Data    ZI Data      Debug   Library Name

      4668         74      19224          0          0      39995   arm_cortexM4lf_math.lib
       510         36          0          8          0        616   mc_w.l

    ----------------------------------------------------------------------
      5180        110      19224          8          0      40611   Library Totals

    ----------------------------------------------------------------------

==============================================================================


      Code (inc. data)   RO Data    RW Data    ZI Data      Debug   

     56924       3908      27312        356     124532     704216   Grand Totals
     56924       3908      27312         76     124532     704216   ELF Image Totals (compressed)
     56924       3908      27312         76          0          0   ROM Totals

==============================================================================

    Total RO  Size (Code + RO Data)                84236 (  82.26kB)
    Total RW  Size (RW Data + ZI Data)            124888 ( 121.96kB)
    Total ROM Size (Code + RO Data + RW Data)      84312 (  82.34kB)

==============================================================================

